Archive member included to satisfy reference by file (symbol)

/Applications/VEXcode V5 Text.app/Contents/Resources/sdk/vexv5/libv5rt.a(v5_startup.c.obj)
                              (vexStartup)
/Applications/VEXcode V5 Text.app/Contents/Resources/sdk/vexv5/libv5rt.a(v5_util.c.obj)
                              /Applications/VEXcode V5 Text.app/Contents/Resources/sdk/vexv5/libv5rt.a(v5_startup.c.obj) (vexStdlibVersionLinked)
/Applications/VEXcode V5 Text.app/Contents/Resources/sdk/vexv5/libv5rt.a(v5_apijump.c.obj)
                              /Applications/VEXcode V5 Text.app/Contents/Resources/sdk/vexv5/libv5rt.a(v5_startup.c.obj) (vexPrivateApiEnable)
/Applications/VEXcode V5 Text.app/Contents/Resources/sdk/vexv5/libv5rt.a(v5_apiversions.c.obj)
                              /Applications/VEXcode V5 Text.app/Contents/Resources/sdk/vexv5/libv5rt.a(v5_apijump.c.obj) (vexSystemVersion)
/Applications/VEXcode V5 Text.app/Contents/Resources/sdk/vexv5/libv5rt.a(vex_global.cpp.obj)
                              build/src/auto/AutoDriver.o (vex::wait(double, vex::timeUnits))
/Applications/VEXcode V5 Text.app/Contents/Resources/sdk/vexv5/libv5rt.a(vex_motor.cpp.obj)
                              build/src/IO_setups/IO_setup_74000V.o (vex::motor::~motor())
/Applications/VEXcode V5 Text.app/Contents/Resources/sdk/vexv5/libv5rt.a(vex_controller.cpp.obj)
                              build/src/_main.o (vex::controller::~controller())
/Applications/VEXcode V5 Text.app/Contents/Resources/sdk/vexv5/libv5rt.a(vex_thread.cpp.obj)
                              build/src/_main.o (vex::thread::thread(int (*)()))
/Applications/VEXcode V5 Text.app/Contents/Resources/sdk/vexv5/libv5rt.a(vex_event.cpp.obj)
                              /Applications/VEXcode V5 Text.app/Contents/Resources/sdk/vexv5/libv5rt.a(vex_controller.cpp.obj) (vex::event::init(unsigned long, unsigned long, void (*)()))
/Applications/VEXcode V5 Text.app/Contents/Resources/sdk/vexv5/libv5rt.a(vex_mevent.cpp.obj)
                              /Applications/VEXcode V5 Text.app/Contents/Resources/sdk/vexv5/libv5rt.a(vex_controller.cpp.obj) (vex::mevent::mevent(unsigned long, unsigned long))
/Applications/VEXcode V5 Text.app/Contents/Resources/sdk/vexv5/libv5rt.a(vex_brain.cpp.obj)
                              build/src/_main.o (vex::brain::brain())
/Applications/VEXcode V5 Text.app/Contents/Resources/sdk/vexv5/libv5rt.a(vex_competition.cpp.obj)
                              build/src/_main.o (vex::competition::competition())
/Applications/VEXcode V5 Text.app/Contents/Resources/sdk/vexv5/libv5rt.a(vex_triport.cpp.obj)
                              build/src/IO_setups/IO_setup_74000V.o (vex::gyro::~gyro())
/Applications/VEXcode V5 Text.app/Contents/Resources/sdk/vexv5/libv5rt.a(vex_color.cpp.obj)
                              build/src/screen/VirtualButton.o (vex::color::~color())
/Applications/VEXcode V5 Text.app/Contents/Resources/sdk/vexv5/libv5rt.a(vex_timer.cpp.obj)
                              build/src/auto/AutoDriver.o (vex::timer::~timer())
/Applications/VEXcode V5 Text.app/Contents/Resources/sdk/vexv5/libv5rt.a(v5_apiuser.c.obj)
                              /Applications/VEXcode V5 Text.app/Contents/Resources/sdk/vexv5/libv5rt.a(vex_triport.cpp.obj) (vexAdiPortConfigSet)
/Applications/VEXcode V5 Text.app/Contents/Resources/sdk/vexv5/libv5rt.a(vex_device.cpp.obj)
                              /Applications/VEXcode V5 Text.app/Contents/Resources/sdk/vexv5/libv5rt.a(vex_motor.cpp.obj) (vex::device::~device())
/Applications/VEXcode V5 Text.app/Contents/Resources/sdk/vexv5/libv5rt.a(vex_task.cpp.obj)
                              /Applications/VEXcode V5 Text.app/Contents/Resources/sdk/vexv5/libv5rt.a(vex_competition.cpp.obj) (vex::task::task(int (*)()))
/Applications/VEXcode V5 Text.app/Contents/Resources/sdk/vexv5/gcc/libs/libc.a(lib_a-fini.o)
                              /Applications/VEXcode V5 Text.app/Contents/Resources/sdk/vexv5/libv5rt.a(v5_startup.c.obj) (__libc_fini_array)
/Applications/VEXcode V5 Text.app/Contents/Resources/sdk/vexv5/gcc/libs/libc.a(lib_a-impure.o)
                              /Applications/VEXcode V5 Text.app/Contents/Resources/sdk/vexv5/libv5rt.a(v5_startup.c.obj) (_impure_ptr)
/Applications/VEXcode V5 Text.app/Contents/Resources/sdk/vexv5/gcc/libs/libc.a(lib_a-init.o)
                              /Applications/VEXcode V5 Text.app/Contents/Resources/sdk/vexv5/libv5rt.a(v5_startup.c.obj) (__libc_init_array)
/Applications/VEXcode V5 Text.app/Contents/Resources/sdk/vexv5/gcc/libs/libc.a(lib_a-tolower.o)
                              /Applications/VEXcode V5 Text.app/Contents/Resources/sdk/vexv5/libv5rt.a(vex_brain.cpp.obj) (tolower)
/Applications/VEXcode V5 Text.app/Contents/Resources/sdk/vexv5/gcc/libs/libc.a(lib_a-ctype_.o)
                              /Applications/VEXcode V5 Text.app/Contents/Resources/sdk/vexv5/gcc/libs/libc.a(lib_a-tolower.o) (__ctype_ptr__)

Allocating common symbols
[...]
Memory Configuration

Name             Origin             Length             Attributes
ps7_ddr_0_S_AXI_BASEADDR 0x0000000003800000 0x0000000004800000
*default*        0x0000000000000000 0xffffffffffffffff

Linker script and memory map

                0x0000000000002000                _STACK_SIZE = DEFINED (_STACK_SIZE)?_STACK_SIZE:0x2000
                0x0000000000100000                _HEAP_SIZE = DEFINED (_HEAP_SIZE)?_HEAP_SIZE:0x100000
                0x0000000000000400                _ABORT_STACK_SIZE = DEFINED (_ABORT_STACK_SIZE)?_ABORT_STACK_SIZE:0x400
                0x0000000000000800                _SUPERVISOR_STACK_SIZE = DEFINED (_SUPERVISOR_STACK_SIZE)?_SUPERVISOR_STACK_SIZE:0x800
                0x0000000000000400                _IRQ_STACK_SIZE = DEFINED (_IRQ_STACK_SIZE)?_IRQ_STACK_SIZE:0x400
                0x0000000000000400                _FIQ_STACK_SIZE = DEFINED (_FIQ_STACK_SIZE)?_FIQ_STACK_SIZE:0x400
                0x0000000000000400                _UNDEF_STACK_SIZE = DEFINED (_UNDEF_STACK_SIZE)?_UNDEF_STACK_SIZE:0x400

.text           0x0000000003800000     0x56c8
 *(.vectors)
 *(.boot_data)
 .boot_data     0x0000000003800000       0x20 /Applications/VEXcode V5 Text.app/Contents/Resources/sdk/vexv5/libv5rt.a(v5_startup.c.obj)
                0x0000000003800000                vexCodeSig
                0x0000000000000020                . = 0x20
 *(.boot)
 .boot          0x0000000003800020       0xbc /Applications/VEXcode V5 Text.app/Contents/Resources/sdk/vexv5/libv5rt.a(v5_startup.c.obj)
                0x0000000003800020                vexStartup
                0x0000000003800100                . = ALIGN (0x40)
 *fill*         0x00000000038000dc       0x24 
 *(.freertos_vectors)
 *(.text)
 *(.text.*)
 .text._Z4funcv
                0x0000000003800100       0x30 build/src/_main.o
                0x0000000003800100                func()
 .text.main     0x0000000003800130      0x190 build/src/_main.o
                0x0000000003800130                main
 .text._GLOBAL__sub_I__main.cpp
                0x00000000038002c0       0xa4 build/src/_main.o
 .text._Z4waiti
                0x0000000003800364        0x4 build/src/_math_func.o
                0x0000000003800364                wait(int)
 .text._Z9max_limitRij
                0x0000000003800368       0x30 build/src/_math_func.o
                0x0000000003800368                max_limit(int&, unsigned int)
 .text._Z10zero_blindRij
                0x0000000003800398       0x1c build/src/_math_func.o
                0x0000000003800398                zero_blind(int&, unsigned int)
 .text._GLOBAL__sub_I__math_func.cpp
                0x00000000038003b4       0x34 build/src/_math_func.o
 .text._Z9pre_autonv
                0x00000000038003e8       0x3c build/src/pre_auto.o
                0x00000000038003e8                pre_auton()
 .text._GLOBAL__sub_I_pre_auto.cpp
                0x0000000003800424       0x34 build/src/pre_auto.o
 .text._Z18special_key_handlev
                0x0000000003800458      0x15c build/src/special_handle.o
                0x0000000003800458                special_key_handle()
 .text._GLOBAL__sub_I_special_handle.cpp
                0x00000000038005b4       0x34 build/src/special_handle.o
 .text._Z27push_usercontrol_auto_resetv
                0x00000000038005e8       0x9c build/src/usercontrol.o
                0x00000000038005e8                push_usercontrol_auto_reset()
 .text._Z11usercontrolv
                0x0000000003800684      0x180 build/src/usercontrol.o
                0x0000000003800684                usercontrol()
 .text._GLOBAL__sub_I_usercontrol.cpp
                0x0000000003800804       0x34 build/src/usercontrol.o
 .text._GLOBAL__sub_I_GyroLib.cpp
                0x0000000003800838       0x34 build/src/Globals/GyroLib.o
 .text._Z18reset_all_encodersv
                0x000000000380086c       0x6c build/src/Globals/basic_motors.o
                0x000000000380086c                reset_all_encoders()
 .text._Z15all_motor_brakev
                0x00000000038008d8       0xb4 build/src/Globals/basic_motors.o
                0x00000000038008d8                all_motor_brake()
 .text._Z16all_motors_floatv
                0x000000000380098c      0x108 build/src/Globals/basic_motors.o
                0x000000000380098c                all_motors_float()
 .text._Z15stop_all_motorsv
                0x0000000003800a94      0x100 build/src/Globals/basic_motors.o
                0x0000000003800a94                stop_all_motors()
 .text._GLOBAL__sub_I_basic_motors.cpp
                0x0000000003800b94       0x34 build/src/Globals/basic_motors.o
 .text._GLOBAL__sub_I_global_vairbls.cpp
                0x0000000003800bc8       0x50 build/src/Globals/global_vairbls.o
 .text._GLOBAL__sub_I_IO_setup_0.cpp
                0x0000000003800c18       0x34 build/src/IO_setups/IO_setup_0.o
 .text._GLOBAL__sub_I_IO_setup_74000F.cpp
                0x0000000003800c4c       0x34 build/src/IO_setups/IO_setup_74000F.o
 .text._GLOBAL__sub_I_IO_setup_74000M.cpp
                0x0000000003800c80       0x34 build/src/IO_setups/IO_setup_74000M.o
 .text._GLOBAL__sub_I_IO_setup_74000P.cpp
                0x0000000003800cb4       0x34 build/src/IO_setups/IO_setup_74000P.o
 .text._GLOBAL__sub_I_IO_setup_74000V.cpp
                0x0000000003800ce8      0x2a0 build/src/IO_setups/IO_setup_74000V.o
 .text._GLOBAL__sub_I_IO_setup_77921F.cpp
                0x0000000003800f88       0x34 build/src/IO_setups/IO_setup_77921F.o
 .text._GLOBAL__sub_I_MotorRecorder.cpp
                0x0000000003800fbc       0x34 build/src/MovementRecorder/MotorRecorder.o
 .text._Z14bindAutonomousPFvvE
                0x0000000003800ff0       0x10 build/src/auto/AutoDriver.o
                0x0000000003800ff0                bindAutonomous(void (*)())
 .text._Z11moniterFuncv
                0x0000000003801000      0x110 build/src/auto/AutoDriver.o
                0x0000000003801000                moniterFunc()
 .text._Z10autonomousv
                0x0000000003801110       0x54 build/src/auto/AutoDriver.o
                0x0000000003801110                autonomous()
 .text._GLOBAL__sub_I_AutoDriver.cpp
                0x0000000003801164       0x58 build/src/auto/AutoDriver.o
 .text._Z16auto_role_one_1_v
                0x00000000038011bc       0x68 build/src/auto/Auto_red_1.o
                0x00000000038011bc                auto_role_one_1_()
 .text._GLOBAL__sub_I_Auto_red_1.cpp
                0x0000000003801224       0x34 build/src/auto/Auto_red_1.o
 .text._Z13moveByEncoderiii
                0x0000000003801258       0x5c build/src/auto/BasicAuto.o
                0x0000000003801258                moveByEncoder(int, int, int)
 .text._Z13pushToHighestv
                0x00000000038012b4      0x11c build/src/auto/BasicAuto.o
                0x00000000038012b4                pushToHighest()
 .text._GLOBAL__sub_I_BasicAuto.cpp
                0x00000000038013d0       0x34 build/src/auto/BasicAuto.o
 .text._Z18intake_set_voltagei
                0x0000000003801404       0x5c build/src/intake/basic_intake.o
                0x0000000003801404                intake_set_voltage(int)
 .text._GLOBAL__sub_I_basic_intake.cpp
                0x0000000003801460       0x34 build/src/intake/basic_intake.o
 .text._Z13handle_intakeiii
                0x0000000003801494       0xc8 build/src/intake/handle_intake.o
                0x0000000003801494                handle_intake(int, int, int)
 .text._GLOBAL__sub_I_handle_intake.cpp
                0x000000000380155c       0x34 build/src/intake/handle_intake.o
 .text._GLOBAL__sub_I_LimitUnlocker.cpp
                0x0000000003801590       0x34 build/src/move/LimitUnlocker.o
 .text._Z35joystick_stable_small_value_processii
                0x00000000038015c4       0xe0 build/src/move/handle_move.o
                0x00000000038015c4                joystick_stable_small_value_process(int, int)
 .text.__cxx_global_array_dtor
                0x00000000038016a4       0x2c build/src/move/handle_move.o
 .text._Z9move_ctrlii
                0x00000000038016d0       0x80 build/src/move/handle_move.o
                0x00000000038016d0                move_ctrl(int, int)
 .text._Z11handle_moveiii
                0x0000000003801750      0x108 build/src/move/handle_move.o
                0x0000000003801750                handle_move(int, int, int)
 .text._GLOBAL__sub_I_handle_move.cpp
                0x0000000003801858       0x34 build/src/move/handle_move.o
 .text._Z12get_move_enci
                0x000000000380188c       0x44 build/src/move/lib_move.o
                0x000000000380188c                get_move_enc(int)
 .text._Z17move_LR_set_speedff
                0x00000000038018d0       0xa4 build/src/move/lib_move.o
                0x00000000038018d0                move_LR_set_speed(float, float)
 .text._Z19move_LR_set_voltageff
                0x0000000003801974       0xa4 build/src/move/lib_move.o
                0x0000000003801974                move_LR_set_voltage(float, float)
 .text._Z16move_set_voltageii
                0x0000000003801a18       0x24 build/src/move/lib_move.o
                0x0000000003801a18                move_set_voltage(int, int)
 .text._Z14move_set_speedii
                0x0000000003801a3c       0x24 build/src/move/lib_move.o
                0x0000000003801a3c                move_set_speed(int, int)
 .text._Z4moveii
                0x0000000003801a60       0x24 build/src/move/lib_move.o
                0x0000000003801a60                move(int, int)
 .text._GLOBAL__sub_I_lib_move.cpp
                0x0000000003801a84       0x34 build/src/move/lib_move.o
 .text._GLOBAL__sub_I_auto_push.cpp
                0x0000000003801ab8       0x34 build/src/push/auto_push.o
 .text._Z12get_push_encv
                0x0000000003801aec       0x30 build/src/push/basic_push.o
                0x0000000003801aec                get_push_enc()
 .text._Z14push_set_speedi
                0x0000000003801b1c       0x38 build/src/push/basic_push.o
                0x0000000003801b1c                push_set_speed(int)
 .text._Z16push_set_voltagei
                0x0000000003801b54       0x38 build/src/push/basic_push.o
                0x0000000003801b54                push_set_voltage(int)
 .text._GLOBAL__sub_I_basic_push.cpp
                0x0000000003801b8c       0x34 build/src/push/basic_push.o
 .text._Z11handle_pushiii
                0x0000000003801bc0      0x1cc build/src/push/handle_push.o
                0x0000000003801bc0                handle_push(int, int, int)
 .text._GLOBAL__sub_I_handle_push.cpp
                0x0000000003801d8c       0x34 build/src/push/handle_push.o
 .text._ZN13VirtualButtonC2EiiiiN3vex5colorES1_Ss
                0x0000000003801dc0       0xa0 build/src/screen/VirtualButton.o
                0x0000000003801dc0                VirtualButton::VirtualButton(int, int, int, int, vex::color, vex::color, std::string)
                0x0000000003801dc0                VirtualButton::VirtualButton(int, int, int, int, vex::color, vex::color, std::string)
 .text._ZN13VirtualButton6darkerEd
                0x0000000003801e60       0xd4 build/src/screen/VirtualButton.o
                0x0000000003801e60                VirtualButton::darker(double)
 .text._ZN13VirtualButton8brighterEv
                0x0000000003801f34       0x60 build/src/screen/VirtualButton.o
                0x0000000003801f34                VirtualButton::brighter()
 .text._GLOBAL__sub_I_VirtualButton.cpp
                0x0000000003801f94       0x34 build/src/screen/VirtualButton.o
 .text._Z17autonomousChooserv
                0x0000000003801fc8       0xa8 build/src/screen/autonomous.o
                0x0000000003801fc8                autonomousChooser()
 .text._GLOBAL__sub_I_autonomous.cpp
                0x0000000003802070       0x34 build/src/screen/autonomous.o
 .text._ZN13VirtualButtonC2Ev
                0x00000000038020a4       0x40 build/src/screen/screen_display_choose.o
                0x00000000038020a4                VirtualButton::VirtualButton()
 .text._ZN13VirtualButtonD2Ev
                0x00000000038020e4       0x2c build/src/screen/screen_display_choose.o
                0x00000000038020e4                VirtualButton::~VirtualButton()
 .text._Z17highlighting_initv
                0x0000000003802110       0x64 build/src/screen/screen_display_choose.o
                0x0000000003802110                highlighting_init()
 .text._Z24update_auto_info_displayv
                0x0000000003802174       0xc4 build/src/screen/screen_display_choose.o
                0x0000000003802174                update_auto_info_display()
 .text._Z12buttons_initv
                0x0000000003802238      0x694 build/src/screen/screen_display_choose.o
                0x0000000003802238                buttons_init()
 .text._GLOBAL__sub_I_screen_display_choose.cpp
                0x00000000038028cc       0xe0 build/src/screen/screen_display_choose.o
 .text._GLOBAL__sub_I_sensors_display.cpp
                0x00000000038029ac       0x34 build/src/screen/sensors_display.o
 .text._Z13get_swing_encv
                0x00000000038029e0       0x30 build/src/swing/basic_swing.o
                0x00000000038029e0                get_swing_enc()
 .text._Z17swing_set_voltagei
                0x0000000003802a10       0x38 build/src/swing/basic_swing.o
                0x0000000003802a10                swing_set_voltage(int)
 .text._GLOBAL__sub_I_basic_swing.cpp
                0x0000000003802a48       0x34 build/src/swing/basic_swing.o
 *fill*         0x0000000003802a7c        0x4 
 .text._Z12handle_swingii
                0x0000000003802a80      0x138 build/src/swing/handle_swing.o
                0x0000000003802a80                handle_swing(int, int)
 .text._GLOBAL__sub_I_handle_swing.cpp
                0x0000000003802bb8       0x34 build/src/swing/handle_swing.o
 .text.vexMain  0x0000000003802bec       0xb0 /Applications/VEXcode V5 Text.app/Contents/Resources/sdk/vexv5/libv5rt.a(v5_startup.c.obj)
                0x0000000003802bec                vexMain
 .text.__vex_function_prolog
                0x0000000003802c9c       0x18 /Applications/VEXcode V5 Text.app/Contents/Resources/sdk/vexv5/libv5rt.a(v5_startup.c.obj)
                0x0000000003802c9c                __vex_function_prolog
 .text._init    0x0000000003802cb4        0x4 /Applications/VEXcode V5 Text.app/Contents/Resources/sdk/vexv5/libv5rt.a(v5_startup.c.obj)
                0x0000000003802cb4                _init
 .text._fini    0x0000000003802cb8        0x4 /Applications/VEXcode V5 Text.app/Contents/Resources/sdk/vexv5/libv5rt.a(v5_startup.c.obj)
                0x0000000003802cb8                _fini
 .text.vexStdlibVersionLinked
                0x0000000003802cbc        0xc /Applications/VEXcode V5 Text.app/Contents/Resources/sdk/vexv5/libv5rt.a(v5_util.c.obj)
                0x0000000003802cbc                vexStdlibVersionLinked
 .text.vexStdlibVersionVerify
                0x0000000003802cc8       0x30 /Applications/VEXcode V5 Text.app/Contents/Resources/sdk/vexv5/libv5rt.a(v5_util.c.obj)
                0x0000000003802cc8                vexStdlibVersionVerify
 .text.vexPrivateApiEnable
                0x0000000003802cf8       0x10 /Applications/VEXcode V5 Text.app/Contents/Resources/sdk/vexv5/libv5rt.a(v5_apijump.c.obj)
                0x0000000003802cf8                vexPrivateApiEnable
 .text.vexStdlibMismatchError
                0x0000000003802d08       0x3c /Applications/VEXcode V5 Text.app/Contents/Resources/sdk/vexv5/libv5rt.a(v5_apijump.c.obj)
                0x0000000003802d08                vexStdlibMismatchError
 .text.vexTaskAdd
                0x0000000003802d44       0x10 /Applications/VEXcode V5 Text.app/Contents/Resources/sdk/vexv5/libv5rt.a(v5_apijump.c.obj)
                0x0000000003802d44                vexTaskAdd
 .text.vexTasksRun
                0x0000000003802d54       0x10 /Applications/VEXcode V5 Text.app/Contents/Resources/sdk/vexv5/libv5rt.a(v5_apijump.c.obj)
                0x0000000003802d54                vexTasksRun
 .text.vexTaskYield
                0x0000000003802d64       0x10 /Applications/VEXcode V5 Text.app/Contents/Resources/sdk/vexv5/libv5rt.a(v5_apijump.c.obj)
                0x0000000003802d64                vexTaskYield
 .text.vexTaskCheckTimeslice
                0x0000000003802d74       0x10 /Applications/VEXcode V5 Text.app/Contents/Resources/sdk/vexv5/libv5rt.a(v5_apijump.c.obj)
                0x0000000003802d74                vexTaskCheckTimeslice
 .text.vexTaskSleep
                0x0000000003802d84       0x10 /Applications/VEXcode V5 Text.app/Contents/Resources/sdk/vexv5/libv5rt.a(v5_apijump.c.obj)
                0x0000000003802d84                vexTaskSleep
 .text.vexTasksDump
                0x0000000003802d94       0x1c /Applications/VEXcode V5 Text.app/Contents/Resources/sdk/vexv5/libv5rt.a(v5_apijump.c.obj)
                0x0000000003802d94                vexTasksDump
 .text.vexTaskGetTaskIndex
                0x0000000003802db0       0x10 /Applications/VEXcode V5 Text.app/Contents/Resources/sdk/vexv5/libv5rt.a(v5_apijump.c.obj)
                0x0000000003802db0                vexTaskGetTaskIndex
 .text.vexTaskStopAll
                0x0000000003802dc0       0x10 /Applications/VEXcode V5 Text.app/Contents/Resources/sdk/vexv5/libv5rt.a(v5_apijump.c.obj)
                0x0000000003802dc0                vexTaskStopAll
 .text.vexTaskRemoveAllUser
                0x0000000003802dd0       0x34 /Applications/VEXcode V5 Text.app/Contents/Resources/sdk/vexv5/libv5rt.a(v5_apijump.c.obj)
                0x0000000003802dd0                vexTaskRemoveAllUser
 .text.vexTaskCompletionIdSet
                0x0000000003802e04       0x10 /Applications/VEXcode V5 Text.app/Contents/Resources/sdk/vexv5/libv5rt.a(v5_apijump.c.obj)
                0x0000000003802e04                vexTaskCompletionIdSet
 .text.vexTaskStopWithId
                0x0000000003802e14       0x10 /Applications/VEXcode V5 Text.app/Contents/Resources/sdk/vexv5/libv5rt.a(v5_apijump.c.obj)
                0x0000000003802e14                vexTaskStopWithId
 .text.vexTaskStateGetWithId
                0x0000000003802e24       0x10 /Applications/VEXcode V5 Text.app/Contents/Resources/sdk/vexv5/libv5rt.a(v5_apijump.c.obj)
                0x0000000003802e24                vexTaskStateGetWithId
 .text.vexCriticalSection
                0x0000000003802e34       0x2c /Applications/VEXcode V5 Text.app/Contents/Resources/sdk/vexv5/libv5rt.a(v5_apijump.c.obj)
                0x0000000003802e34                vexCriticalSection
 .text.vexEventAdd
                0x0000000003802e60       0x34 /Applications/VEXcode V5 Text.app/Contents/Resources/sdk/vexv5/libv5rt.a(v5_apijump.c.obj)
                0x0000000003802e60                vexEventAdd
 .text.vexEventUserIndexGet
                0x0000000003802e94       0x1c /Applications/VEXcode V5 Text.app/Contents/Resources/sdk/vexv5/libv5rt.a(v5_apijump.c.obj)
                0x0000000003802e94                vexEventUserIndexGet
 .text.vexEventAddWithArg
                0x0000000003802eb0       0x3c /Applications/VEXcode V5 Text.app/Contents/Resources/sdk/vexv5/libv5rt.a(v5_apijump.c.obj)
                0x0000000003802eb0                vexEventAddWithArg
 .text.vexEventsCleanup
                0x0000000003802eec       0x2c /Applications/VEXcode V5 Text.app/Contents/Resources/sdk/vexv5/libv5rt.a(v5_apijump.c.obj)
                0x0000000003802eec                vexEventsCleanup
 .text.vexDebug
                0x0000000003802f18       0x38 /Applications/VEXcode V5 Text.app/Contents/Resources/sdk/vexv5/libv5rt.a(v5_apijump.c.obj)
                0x0000000003802f18                vexDebug
 .text.vex_sprintf
                0x0000000003802f50       0x40 /Applications/VEXcode V5 Text.app/Contents/Resources/sdk/vexv5/libv5rt.a(v5_apijump.c.obj)
                0x0000000003802f50                vex_sprintf
 .text.vex_vsnprintf
                0x0000000003802f90       0x3c /Applications/VEXcode V5 Text.app/Contents/Resources/sdk/vexv5/libv5rt.a(v5_apijump.c.obj)
                0x0000000003802f90                vex_vsnprintf
 .text.vexSystemTimeGet
                0x0000000003802fcc       0x1c /Applications/VEXcode V5 Text.app/Contents/Resources/sdk/vexv5/libv5rt.a(v5_apijump.c.obj)
                0x0000000003802fcc                vexSystemTimeGet
 .text.vexSystemExitRequest
                0x0000000003802fe8       0x1c /Applications/VEXcode V5 Text.app/Contents/Resources/sdk/vexv5/libv5rt.a(v5_apijump.c.obj)
                0x0000000003802fe8                vexSystemExitRequest
 .text.vexDeviceGetByIndex
                0x0000000003803004       0x24 /Applications/VEXcode V5 Text.app/Contents/Resources/sdk/vexv5/libv5rt.a(v5_apijump.c.obj)
                0x0000000003803004                vexDeviceGetByIndex
 .text.vexControllerGet
                0x0000000003803028       0x2c /Applications/VEXcode V5 Text.app/Contents/Resources/sdk/vexv5/libv5rt.a(v5_apijump.c.obj)
                0x0000000003803028                vexControllerGet
 .text.vexControllerTextSet
                0x0000000003803054       0x74 /Applications/VEXcode V5 Text.app/Contents/Resources/sdk/vexv5/libv5rt.a(v5_apijump.c.obj)
                0x0000000003803054                vexControllerTextSet
 .text.vexDeviceAdiPortConfigSet
                0x00000000038030c8       0x34 /Applications/VEXcode V5 Text.app/Contents/Resources/sdk/vexv5/libv5rt.a(v5_apijump.c.obj)
                0x00000000038030c8                vexDeviceAdiPortConfigSet
 .text.vexDeviceAdiPortConfigGet
                0x00000000038030fc       0x2c /Applications/VEXcode V5 Text.app/Contents/Resources/sdk/vexv5/libv5rt.a(v5_apijump.c.obj)
                0x00000000038030fc                vexDeviceAdiPortConfigGet
 .text.vexDeviceAdiValueSet
                0x0000000003803128       0x34 /Applications/VEXcode V5 Text.app/Contents/Resources/sdk/vexv5/libv5rt.a(v5_apijump.c.obj)
                0x0000000003803128                vexDeviceAdiValueSet
 .text.vexDeviceAdiValueGet
                0x000000000380315c       0x2c /Applications/VEXcode V5 Text.app/Contents/Resources/sdk/vexv5/libv5rt.a(v5_apijump.c.obj)
                0x000000000380315c                vexDeviceAdiValueGet
 .text.vexDeviceMotorVelocitySet
                0x0000000003803188       0x2c /Applications/VEXcode V5 Text.app/Contents/Resources/sdk/vexv5/libv5rt.a(v5_apijump.c.obj)
                0x0000000003803188                vexDeviceMotorVelocitySet
 .text.vexDeviceMotorVoltageSet
                0x00000000038031b4       0x2c /Applications/VEXcode V5 Text.app/Contents/Resources/sdk/vexv5/libv5rt.a(v5_apijump.c.obj)
                0x00000000038031b4                vexDeviceMotorVoltageSet
 .text.vexDeviceMotorActualVelocityGet
                0x00000000038031e0       0x24 /Applications/VEXcode V5 Text.app/Contents/Resources/sdk/vexv5/libv5rt.a(v5_apijump.c.obj)
                0x00000000038031e0                vexDeviceMotorActualVelocityGet
 .text.vexDeviceMotorReverseFlagSet
                0x0000000003803204       0x2c /Applications/VEXcode V5 Text.app/Contents/Resources/sdk/vexv5/libv5rt.a(v5_apijump.c.obj)
                0x0000000003803204                vexDeviceMotorReverseFlagSet
 .text.vexDeviceMotorEncoderUnitsSet
                0x0000000003803230       0x2c /Applications/VEXcode V5 Text.app/Contents/Resources/sdk/vexv5/libv5rt.a(v5_apijump.c.obj)
                0x0000000003803230                vexDeviceMotorEncoderUnitsSet
 .text.vexDeviceMotorBrakeModeSet
                0x000000000380325c       0x2c /Applications/VEXcode V5 Text.app/Contents/Resources/sdk/vexv5/libv5rt.a(v5_apijump.c.obj)
                0x000000000380325c                vexDeviceMotorBrakeModeSet
 .text.vexDeviceMotorPositionSet
                0x0000000003803288       0x34 /Applications/VEXcode V5 Text.app/Contents/Resources/sdk/vexv5/libv5rt.a(v5_apijump.c.obj)
                0x0000000003803288                vexDeviceMotorPositionSet
 .text.vexDeviceMotorPositionGet
                0x00000000038032bc       0x24 /Applications/VEXcode V5 Text.app/Contents/Resources/sdk/vexv5/libv5rt.a(v5_apijump.c.obj)
                0x00000000038032bc                vexDeviceMotorPositionGet
 .text.vexDeviceMotorGearingSet
                0x00000000038032e0       0x2c /Applications/VEXcode V5 Text.app/Contents/Resources/sdk/vexv5/libv5rt.a(v5_apijump.c.obj)
                0x00000000038032e0                vexDeviceMotorGearingSet
 .text.vexDeviceMotorGearingGet
                0x000000000380330c       0x24 /Applications/VEXcode V5 Text.app/Contents/Resources/sdk/vexv5/libv5rt.a(v5_apijump.c.obj)
                0x000000000380330c                vexDeviceMotorGearingGet
 .text.vexDisplayForegroundColor
                0x0000000003803330       0x24 /Applications/VEXcode V5 Text.app/Contents/Resources/sdk/vexv5/libv5rt.a(v5_apijump.c.obj)
                0x0000000003803330                vexDisplayForegroundColor
 .text.vexDisplayBackgroundColor
                0x0000000003803354       0x24 /Applications/VEXcode V5 Text.app/Contents/Resources/sdk/vexv5/libv5rt.a(v5_apijump.c.obj)
                0x0000000003803354                vexDisplayBackgroundColor
 .text.vexDisplayBackgroundColorGet
                0x0000000003803378       0x1c /Applications/VEXcode V5 Text.app/Contents/Resources/sdk/vexv5/libv5rt.a(v5_apijump.c.obj)
                0x0000000003803378                vexDisplayBackgroundColorGet
 .text.vexDisplayRectDraw
                0x0000000003803394       0x4c /Applications/VEXcode V5 Text.app/Contents/Resources/sdk/vexv5/libv5rt.a(v5_apijump.c.obj)
                0x0000000003803394                vexDisplayRectDraw
 .text.vexDisplayRectClear
                0x00000000038033e0       0x4c /Applications/VEXcode V5 Text.app/Contents/Resources/sdk/vexv5/libv5rt.a(v5_apijump.c.obj)
                0x00000000038033e0                vexDisplayRectClear
 .text.vexDisplayPrintf
                0x000000000380342c       0x68 /Applications/VEXcode V5 Text.app/Contents/Resources/sdk/vexv5/libv5rt.a(v5_apijump.c.obj)
                0x000000000380342c                vexDisplayPrintf
 .text.vexDisplayTextReference
                0x0000000003803494       0x24 /Applications/VEXcode V5 Text.app/Contents/Resources/sdk/vexv5/libv5rt.a(v5_apijump.c.obj)
                0x0000000003803494                vexDisplayTextReference
 .text.vexDisplayTextSize
                0x00000000038034b8       0x2c /Applications/VEXcode V5 Text.app/Contents/Resources/sdk/vexv5/libv5rt.a(v5_apijump.c.obj)
                0x00000000038034b8                vexDisplayTextSize
 .text.vexDisplayFontNamedSet
                0x00000000038034e4       0x24 /Applications/VEXcode V5 Text.app/Contents/Resources/sdk/vexv5/libv5rt.a(v5_apijump.c.obj)
                0x00000000038034e4                vexDisplayFontNamedSet
 .text.vexDisplayPenSizeGet
                0x0000000003803508       0x1c /Applications/VEXcode V5 Text.app/Contents/Resources/sdk/vexv5/libv5rt.a(v5_apijump.c.obj)
                0x0000000003803508                vexDisplayPenSizeGet
 .text.vexSystemStdlibImpureDataAddr
                0x0000000003803524       0x28 /Applications/VEXcode V5 Text.app/Contents/Resources/sdk/vexv5/libv5rt.a(v5_apijump.c.obj)
                0x0000000003803524                vexSystemStdlibImpureDataAddr
 .text.vexSystemStdlibImpureDataSize
                0x000000000380354c       0x28 /Applications/VEXcode V5 Text.app/Contents/Resources/sdk/vexv5/libv5rt.a(v5_apijump.c.obj)
                0x000000000380354c                vexSystemStdlibImpureDataSize
 .text.vexSystemSaveUserData
                0x0000000003803574       0x3c /Applications/VEXcode V5 Text.app/Contents/Resources/sdk/vexv5/libv5rt.a(v5_apijump.c.obj)
                0x0000000003803574                vexSystemSaveUserData
 .text.vexDisplayThemeIdGet
                0x00000000038035b0       0x38 /Applications/VEXcode V5 Text.app/Contents/Resources/sdk/vexv5/libv5rt.a(v5_apijump.c.obj)
                0x00000000038035b0                vexDisplayThemeIdGet
 .text.vexDeviceEventMaskSet
                0x00000000038035e8       0x48 /Applications/VEXcode V5 Text.app/Contents/Resources/sdk/vexv5/libv5rt.a(v5_apijump.c.obj)
                0x00000000038035e8                vexDeviceEventMaskSet
 .text.vexDeviceEventMaskGet
                0x0000000003803630       0x3c /Applications/VEXcode V5 Text.app/Contents/Resources/sdk/vexv5/libv5rt.a(v5_apijump.c.obj)
                0x0000000003803630                vexDeviceEventMaskGet
 .text.vexSystemVersion
                0x000000000380366c       0x10 /Applications/VEXcode V5 Text.app/Contents/Resources/sdk/vexv5/libv5rt.a(v5_apiversions.c.obj)
                0x000000000380366c                vexSystemVersion
 .text.vexStdlibVersion
                0x000000000380367c       0x10 /Applications/VEXcode V5 Text.app/Contents/Resources/sdk/vexv5/libv5rt.a(v5_apiversions.c.obj)
                0x000000000380367c                vexStdlibVersion
 *fill*         0x000000000380368c        0x4 
 .text._ZN3vex4waitEdNS_9timeUnitsE
                0x0000000003803690       0x30 /Applications/VEXcode V5 Text.app/Contents/Resources/sdk/vexv5/libv5rt.a(vex_global.cpp.obj)
                0x0000000003803690                vex::wait(double, vex::timeUnits)
 .text._ZN3vex5motorD2Ev
                0x00000000038036c0       0x20 /Applications/VEXcode V5 Text.app/Contents/Resources/sdk/vexv5/libv5rt.a(vex_motor.cpp.obj)
                0x00000000038036c0                vex::motor::~motor()
                0x00000000038036c0                vex::motor::~motor()
 .text._ZN3vex5motorD0Ev
                0x00000000038036e0       0x1c /Applications/VEXcode V5 Text.app/Contents/Resources/sdk/vexv5/libv5rt.a(vex_motor.cpp.obj)
                0x00000000038036e0                vex::motor::~motor()
 .text._ZN3vex5motor9installedEv
                0x00000000038036fc       0x18 /Applications/VEXcode V5 Text.app/Contents/Resources/sdk/vexv5/libv5rt.a(vex_motor.cpp.obj)
                0x00000000038036fc                vex::motor::installed()
 .text._ZN3vex5motor15defaultStoppingENS_9brakeTypeE
                0x0000000003803714       0x30 /Applications/VEXcode V5 Text.app/Contents/Resources/sdk/vexv5/libv5rt.a(vex_motor.cpp.obj)
                0x0000000003803714                vex::motor::defaultStopping(vex::brakeType)
 .text._ZN3vex5motor8setBrakeENS_9brakeTypeE
                0x0000000003803744        0x4 /Applications/VEXcode V5 Text.app/Contents/Resources/sdk/vexv5/libv5rt.a(vex_motor.cpp.obj)
                0x0000000003803744                vex::motor::setBrake(vex::brakeType)
 .text._ZN3vex5motorC2El
                0x0000000003803748       0x78 /Applications/VEXcode V5 Text.app/Contents/Resources/sdk/vexv5/libv5rt.a(vex_motor.cpp.obj)
                0x0000000003803748                vex::motor::motor(long)
                0x0000000003803748                vex::motor::motor(long)
 .text._ZN3vex5motorC2ElNS_11gearSettingEb
                0x00000000038037c0       0x34 /Applications/VEXcode V5 Text.app/Contents/Resources/sdk/vexv5/libv5rt.a(vex_motor.cpp.obj)
                0x00000000038037c0                vex::motor::motor(long, vex::gearSetting, bool)
                0x00000000038037c0                vex::motor::motor(long, vex::gearSetting, bool)
 *fill*         0x00000000038037f4        0x4 
 .text._ZN3vex5motor4spinENS_13directionTypeEdNS_12voltageUnitsE
                0x00000000038037f8       0x50 /Applications/VEXcode V5 Text.app/Contents/Resources/sdk/vexv5/libv5rt.a(vex_motor.cpp.obj)
                0x00000000038037f8                vex::motor::spin(vex::directionType, double, vex::voltageUnits)
 .text._ZN3vex5motor4stopENS_9brakeTypeE
                0x0000000003803848       0x30 /Applications/VEXcode V5 Text.app/Contents/Resources/sdk/vexv5/libv5rt.a(vex_motor.cpp.obj)
                0x0000000003803848                vex::motor::stop(vex::brakeType)
 .text._ZN3vex5motor4stopEv
                0x0000000003803878        0x8 /Applications/VEXcode V5 Text.app/Contents/Resources/sdk/vexv5/libv5rt.a(vex_motor.cpp.obj)
                0x0000000003803878                vex::motor::stop()
 .text._ZN3vex5motor16velocityToScaledEdNS_13velocityUnitsE
                0x0000000003803880       0x5c /Applications/VEXcode V5 Text.app/Contents/Resources/sdk/vexv5/libv5rt.a(vex_motor.cpp.obj)
                0x0000000003803880                vex::motor::velocityToScaled(double, vex::velocityUnits)
 .text._ZN3vex5motor8velocityENS_13velocityUnitsE
                0x00000000038038dc       0x30 /Applications/VEXcode V5 Text.app/Contents/Resources/sdk/vexv5/libv5rt.a(vex_motor.cpp.obj)
                0x00000000038038dc                vex::motor::velocity(vex::velocityUnits)
 .text._ZN3vex5motor5valueEv
                0x000000000380390c       0x1c /Applications/VEXcode V5 Text.app/Contents/Resources/sdk/vexv5/libv5rt.a(vex_motor.cpp.obj)
                0x000000000380390c                vex::motor::value()
 .text._ZN3vex5motor16scaledToVelocityEdNS_13velocityUnitsE
                0x0000000003803928       0xa4 /Applications/VEXcode V5 Text.app/Contents/Resources/sdk/vexv5/libv5rt.a(vex_motor.cpp.obj)
                0x0000000003803928                vex::motor::scaledToVelocity(double, vex::velocityUnits)
 .text._ZN3vex5motor4spinENS_13directionTypeEdNS_13velocityUnitsE
                0x00000000038039cc       0x5c /Applications/VEXcode V5 Text.app/Contents/Resources/sdk/vexv5/libv5rt.a(vex_motor.cpp.obj)
                0x00000000038039cc                vex::motor::spin(vex::directionType, double, vex::velocityUnits)
 .text._ZN3vex5motor16setRotationUnitsENS_13rotationUnitsE
                0x0000000003803a28       0x1c /Applications/VEXcode V5 Text.app/Contents/Resources/sdk/vexv5/libv5rt.a(vex_motor.cpp.obj)
                0x0000000003803a28                vex::motor::setRotationUnits(vex::rotationUnits)
 .text._ZN3vex5motor11setRotationEdNS_13rotationUnitsE
                0x0000000003803a44       0x44 /Applications/VEXcode V5 Text.app/Contents/Resources/sdk/vexv5/libv5rt.a(vex_motor.cpp.obj)
                0x0000000003803a44                vex::motor::setRotation(double, vex::rotationUnits)
 .text._ZN3vex5motor13resetRotationEv
                0x0000000003803a88       0x20 /Applications/VEXcode V5 Text.app/Contents/Resources/sdk/vexv5/libv5rt.a(vex_motor.cpp.obj)
                0x0000000003803a88                vex::motor::resetRotation()
 .text._ZN3vex5motor8rotationENS_13rotationUnitsE
                0x0000000003803aa8       0x44 /Applications/VEXcode V5 Text.app/Contents/Resources/sdk/vexv5/libv5rt.a(vex_motor.cpp.obj)
                0x0000000003803aa8                vex::motor::rotation(vex::rotationUnits)
 .text._ZN3vex10controllerD2Ev
                0x0000000003803aec        0x4 /Applications/VEXcode V5 Text.app/Contents/Resources/sdk/vexv5/libv5rt.a(vex_controller.cpp.obj)
                0x0000000003803aec                vex::controller::~controller()
                0x0000000003803aec                vex::controller::~controller()
 .text._ZN3vex10controller5valueE19_V5_ControllerIndex
                0x0000000003803af0        0x8 /Applications/VEXcode V5 Text.app/Contents/Resources/sdk/vexv5/libv5rt.a(vex_controller.cpp.obj)
                0x0000000003803af0                vex::controller::value(_V5_ControllerIndex)
 .text._ZN3vex10controller6button8pressingEv
                0x0000000003803af8       0xc8 /Applications/VEXcode V5 Text.app/Contents/Resources/sdk/vexv5/libv5rt.a(vex_controller.cpp.obj)
                0x0000000003803af8                vex::controller::button::pressing()
 .text._ZN3vex10controller6button21_buttonToPressedEventEv
                0x0000000003803bc0       0x20 /Applications/VEXcode V5 Text.app/Contents/Resources/sdk/vexv5/libv5rt.a(vex_controller.cpp.obj)
                0x0000000003803bc0                vex::controller::button::_buttonToPressedEvent()
 .text._ZN3vex10controller6button22_buttonToReleasedEventEv
                0x0000000003803be0       0x20 /Applications/VEXcode V5 Text.app/Contents/Resources/sdk/vexv5/libv5rt.a(vex_controller.cpp.obj)
                0x0000000003803be0                vex::controller::button::_buttonToReleasedEvent()
 .text._ZN3vex10controller6buttonC2ENS0_11tButtonTypeEPS0_
                0x0000000003803c00       0x48 /Applications/VEXcode V5 Text.app/Contents/Resources/sdk/vexv5/libv5rt.a(vex_controller.cpp.obj)
                0x0000000003803c00                vex::controller::button::button(vex::controller::tButtonType, vex::controller*)
                0x0000000003803c00                vex::controller::button::button(vex::controller::tButtonType, vex::controller*)
 .text._ZN3vex10controller4axis5valueEv
                0x0000000003803c48       0x58 /Applications/VEXcode V5 Text.app/Contents/Resources/sdk/vexv5/libv5rt.a(vex_controller.cpp.obj)
                0x0000000003803c48                vex::controller::axis::value()
 .text._ZN3vex10controller4axis8positionENS_12percentUnitsE
                0x0000000003803ca0       0x1c /Applications/VEXcode V5 Text.app/Contents/Resources/sdk/vexv5/libv5rt.a(vex_controller.cpp.obj)
                0x0000000003803ca0                vex::controller::axis::position(vex::percentUnits)
 .text._ZN3vex10controller4axis23_joystickToChangedEventEv
                0x0000000003803cbc       0x20 /Applications/VEXcode V5 Text.app/Contents/Resources/sdk/vexv5/libv5rt.a(vex_controller.cpp.obj)
                0x0000000003803cbc                vex::controller::axis::_joystickToChangedEvent()
 .text._ZN3vex10controller4axisC2ENS0_9tAxisTypeEPS0_
                0x0000000003803cdc       0x2c /Applications/VEXcode V5 Text.app/Contents/Resources/sdk/vexv5/libv5rt.a(vex_controller.cpp.obj)
                0x0000000003803cdc                vex::controller::axis::axis(vex::controller::tAxisType, vex::controller*)
                0x0000000003803cdc                vex::controller::axis::axis(vex::controller::tAxisType, vex::controller*)
 .text._ZN3vex10controllerC2Ev
                0x0000000003803d08      0x204 /Applications/VEXcode V5 Text.app/Contents/Resources/sdk/vexv5/libv5rt.a(vex_controller.cpp.obj)
                0x0000000003803d08                vex::controller::controller()
                0x0000000003803d08                vex::controller::controller()
 .text._ZN3vex10controller3lcd15getControllerIdEv
                0x0000000003803f0c       0x10 /Applications/VEXcode V5 Text.app/Contents/Resources/sdk/vexv5/libv5rt.a(vex_controller.cpp.obj)
                0x0000000003803f0c                vex::controller::lcd::getControllerId()
 .text._ZN3vex10controller3lcd5printEPKcz
                0x0000000003803f1c       0x74 /Applications/VEXcode V5 Text.app/Contents/Resources/sdk/vexv5/libv5rt.a(vex_controller.cpp.obj)
                0x0000000003803f1c                vex::controller::lcd::print(char const*, ...)
 .text._ZN3vex6threadC2EPFivE
                0x0000000003803f90       0x5c /Applications/VEXcode V5 Text.app/Contents/Resources/sdk/vexv5/libv5rt.a(vex_thread.cpp.obj)
                0x0000000003803f90                vex::thread::thread(int (*)())
                0x0000000003803f90                vex::thread::thread(int (*)())
 .text._ZN3vex6threadD2Ev
                0x0000000003803fec        0x4 /Applications/VEXcode V5 Text.app/Contents/Resources/sdk/vexv5/libv5rt.a(vex_thread.cpp.obj)
                0x0000000003803fec                vex::thread::~thread()
                0x0000000003803fec                vex::thread::~thread()
 .text._ZN3vex6thread8joinableEv
                0x0000000003803ff0       0x28 /Applications/VEXcode V5 Text.app/Contents/Resources/sdk/vexv5/libv5rt.a(vex_thread.cpp.obj)
                0x0000000003803ff0                vex::thread::joinable()
 .text._ZN3vex6thread9interruptEv
                0x0000000003804018       0x18 /Applications/VEXcode V5 Text.app/Contents/Resources/sdk/vexv5/libv5rt.a(vex_thread.cpp.obj)
                0x0000000003804018                vex::thread::interrupt()
 .text._ZN3vex11this_thread9sleep_forEm
                0x0000000003804030        0x4 /Applications/VEXcode V5 Text.app/Contents/Resources/sdk/vexv5/libv5rt.a(vex_thread.cpp.obj)
                0x0000000003804030                vex::this_thread::sleep_for(unsigned long)
 .text._ZN3vex5event4initEmmPFvvE
                0x0000000003804034        0x4 /Applications/VEXcode V5 Text.app/Contents/Resources/sdk/vexv5/libv5rt.a(vex_event.cpp.obj)
                0x0000000003804034                vex::event::init(unsigned long, unsigned long, void (*)())
 .text._ZN3vex5event4initEmmPFvPvES1_
                0x0000000003804038        0x4 /Applications/VEXcode V5 Text.app/Contents/Resources/sdk/vexv5/libv5rt.a(vex_event.cpp.obj)
                0x0000000003804038                vex::event::init(unsigned long, unsigned long, void (*)(void*), void*)
 .text._ZN3vex5event9userindexEv
                0x000000000380403c        0x4 /Applications/VEXcode V5 Text.app/Contents/Resources/sdk/vexv5/libv5rt.a(vex_event.cpp.obj)
                0x000000000380403c                vex::event::userindex()
 .text._ZZN3vex6meventC4EmmENUlvE_4_FUNEv
                0x0000000003804040        0x4 /Applications/VEXcode V5 Text.app/Contents/Resources/sdk/vexv5/libv5rt.a(vex_mevent.cpp.obj)
 .text._ZN3vex6meventC2Emm
                0x0000000003804044       0x70 /Applications/VEXcode V5 Text.app/Contents/Resources/sdk/vexv5/libv5rt.a(vex_mevent.cpp.obj)
                0x0000000003804044                vex::mevent::mevent(unsigned long, unsigned long)
                0x0000000003804044                vex::mevent::mevent(unsigned long, unsigned long)
 .text._ZN3vex5brain9_getIndexEv
                0x00000000038040b4       0x10 /Applications/VEXcode V5 Text.app/Contents/Resources/sdk/vexv5/libv5rt.a(vex_brain.cpp.obj)
                0x00000000038040b4                vex::brain::_getIndex()
 .text._ZN3vex5brain3lcd9setCursorEll
                0x00000000038040c4       0x44 /Applications/VEXcode V5 Text.app/Contents/Resources/sdk/vexv5/libv5rt.a(vex_brain.cpp.obj)
                0x00000000038040c4                vex::brain::lcd::setCursor(long, long)
 .text._ZN3vex5brain3lcd7setFontENS_8fontTypeE
                0x0000000003804108      0x23c /Applications/VEXcode V5 Text.app/Contents/Resources/sdk/vexv5/libv5rt.a(vex_brain.cpp.obj)
                0x0000000003804108                vex::brain::lcd::setFont(vex::fontType)
 .text._ZN3vex5brain3lcdC2Ev
                0x0000000003804344       0x94 /Applications/VEXcode V5 Text.app/Contents/Resources/sdk/vexv5/libv5rt.a(vex_brain.cpp.obj)
                0x0000000003804344                vex::brain::lcd::lcd()
                0x0000000003804344                vex::brain::lcd::lcd()
 .text._ZN3vex5brainC2Ev
                0x00000000038043d8       0x38 /Applications/VEXcode V5 Text.app/Contents/Resources/sdk/vexv5/libv5rt.a(vex_brain.cpp.obj)
                0x00000000038043d8                vex::brain::brain()
                0x00000000038043d8                vex::brain::brain()
 .text._ZN3vex5brain3lcd7printAtEllPKcz
                0x0000000003804410       0x6c /Applications/VEXcode V5 Text.app/Contents/Resources/sdk/vexv5/libv5rt.a(vex_brain.cpp.obj)
                0x0000000003804410                vex::brain::lcd::printAt(long, long, char const*, ...)
 .text._ZN3vex5brain3lcd7printAtEllbPKcz
                0x000000000380447c       0x64 /Applications/VEXcode V5 Text.app/Contents/Resources/sdk/vexv5/libv5rt.a(vex_brain.cpp.obj)
                0x000000000380447c                vex::brain::lcd::printAt(long, long, bool, char const*, ...)
 .text._ZN3vex5brain3lcd13drawRectangleEiiii
                0x00000000038044e0       0xdc /Applications/VEXcode V5 Text.app/Contents/Resources/sdk/vexv5/libv5rt.a(vex_brain.cpp.obj)
                0x00000000038044e0                vex::brain::lcd::drawRectangle(int, int, int, int)
 .text._ZN3vex5brain3lcd14_drawRectangleEiiiim
                0x00000000038045bc       0x74 /Applications/VEXcode V5 Text.app/Contents/Resources/sdk/vexv5/libv5rt.a(vex_brain.cpp.obj)
                0x00000000038045bc                vex::brain::lcd::_drawRectangle(int, int, int, int, unsigned long)
 .text._ZN3vex5brain3lcd13drawRectangleEiiiiRKNS_5colorE
                0x0000000003804630       0x68 /Applications/VEXcode V5 Text.app/Contents/Resources/sdk/vexv5/libv5rt.a(vex_brain.cpp.obj)
                0x0000000003804630                vex::brain::lcd::drawRectangle(int, int, int, int, vex::color const&)
 .text._ZN3vex5brainD2Ev
                0x0000000003804698       0x20 /Applications/VEXcode V5 Text.app/Contents/Resources/sdk/vexv5/libv5rt.a(vex_brain.cpp.obj)
                0x0000000003804698                vex::brain::~brain()
                0x0000000003804698                vex::brain::~brain()
 .text._ZN3vex11competition11_autonomousEv
                0x00000000038046b8       0x90 /Applications/VEXcode V5 Text.app/Contents/Resources/sdk/vexv5/libv5rt.a(vex_competition.cpp.obj)
                0x00000000038046b8                vex::competition::_autonomous()
 .text._ZN3vex11competition14_drivercontrolEv
                0x0000000003804748       0x90 /Applications/VEXcode V5 Text.app/Contents/Resources/sdk/vexv5/libv5rt.a(vex_competition.cpp.obj)
                0x0000000003804748                vex::competition::_drivercontrol()
 .text._ZN3vex11competition8_disableEPv
                0x00000000038047d8       0xc8 /Applications/VEXcode V5 Text.app/Contents/Resources/sdk/vexv5/libv5rt.a(vex_competition.cpp.obj)
                0x00000000038047d8                vex::competition::_disable(void*)
 .text._ZN3vex11competitionC2Ev
                0x00000000038048a0      0x13c /Applications/VEXcode V5 Text.app/Contents/Resources/sdk/vexv5/libv5rt.a(vex_competition.cpp.obj)
                0x00000000038048a0                vex::competition::competition()
                0x00000000038048a0                vex::competition::competition()
 .text._ZN3vex11competitionD2Ev
                0x00000000038049dc        0x4 /Applications/VEXcode V5 Text.app/Contents/Resources/sdk/vexv5/libv5rt.a(vex_competition.cpp.obj)
                0x00000000038049dc                vex::competition::~competition()
                0x00000000038049dc                vex::competition::~competition()
 .text._ZN3vex4gyroD2Ev
                0x00000000038049e0        0x4 /Applications/VEXcode V5 Text.app/Contents/Resources/sdk/vexv5/libv5rt.a(vex_triport.cpp.obj)
                0x00000000038049e0                vex::gyro::~gyro()
                0x00000000038049e0                vex::gyro::~gyro()
 .text._ZN3vex4gyro7headingENS_13rotationUnitsE
                0x00000000038049e4        0xc /Applications/VEXcode V5 Text.app/Contents/Resources/sdk/vexv5/libv5rt.a(vex_triport.cpp.obj)
                0x00000000038049e4                vex::gyro::heading(vex::rotationUnits)
 .text._ZN3vex7triportD2Ev
                0x00000000038049f0       0x38 /Applications/VEXcode V5 Text.app/Contents/Resources/sdk/vexv5/libv5rt.a(vex_triport.cpp.obj)
                0x00000000038049f0                vex::triport::~triport()
                0x00000000038049f0                vex::triport::~triport()
 .text._ZN3vex7triportD0Ev
                0x0000000003804a28       0x1c /Applications/VEXcode V5 Text.app/Contents/Resources/sdk/vexv5/libv5rt.a(vex_triport.cpp.obj)
                0x0000000003804a28                vex::triport::~triport()
 .text._ZN3vex4gyroD0Ev
                0x0000000003804a44       0x14 /Applications/VEXcode V5 Text.app/Contents/Resources/sdk/vexv5/libv5rt.a(vex_triport.cpp.obj)
                0x0000000003804a44                vex::gyro::~gyro()
 .text._ZN3vex7triport9installedEv
                0x0000000003804a58       0x18 /Applications/VEXcode V5 Text.app/Contents/Resources/sdk/vexv5/libv5rt.a(vex_triport.cpp.obj)
                0x0000000003804a58                vex::triport::installed()
 .text._ZN3vex7triport4portC2ElPS0_
                0x0000000003804a70       0x74 /Applications/VEXcode V5 Text.app/Contents/Resources/sdk/vexv5/libv5rt.a(vex_triport.cpp.obj)
                0x0000000003804a70                vex::triport::port::port(long, vex::triport*)
                0x0000000003804a70                vex::triport::port::port(long, vex::triport*)
 .text._ZN3vex7triportC2El
                0x0000000003804ae4       0xf0 /Applications/VEXcode V5 Text.app/Contents/Resources/sdk/vexv5/libv5rt.a(vex_triport.cpp.obj)
                0x0000000003804ae4                vex::triport::triport(long)
                0x0000000003804ae4                vex::triport::triport(long)
 .text._ZN3vex7triport4port4typeENS_11triportTypeE
                0x0000000003804bd4       0x30 /Applications/VEXcode V5 Text.app/Contents/Resources/sdk/vexv5/libv5rt.a(vex_triport.cpp.obj)
                0x0000000003804bd4                vex::triport::port::type(vex::triportType)
 .text._ZN3vex7triport4port4typeEv
                0x0000000003804c04       0x38 /Applications/VEXcode V5 Text.app/Contents/Resources/sdk/vexv5/libv5rt.a(vex_triport.cpp.obj)
                0x0000000003804c04                vex::triport::port::type()
 .text._ZN3vex7triport4port5valueEv
                0x0000000003804c3c       0x14 /Applications/VEXcode V5 Text.app/Contents/Resources/sdk/vexv5/libv5rt.a(vex_triport.cpp.obj)
                0x0000000003804c3c                vex::triport::port::value()
 .text._ZN3vex7triport4port5valueEl
                0x0000000003804c50       0x18 /Applications/VEXcode V5 Text.app/Contents/Resources/sdk/vexv5/libv5rt.a(vex_triport.cpp.obj)
                0x0000000003804c50                vex::triport::port::value(long)
 .text._ZN3vex7triport4port7pressedEPFvvE
                0x0000000003804c68       0x20 /Applications/VEXcode V5 Text.app/Contents/Resources/sdk/vexv5/libv5rt.a(vex_triport.cpp.obj)
                0x0000000003804c68                vex::triport::port::pressed(void (*)())
 .text._ZN3vex7triport4port14_convertAnalogENS_11analogUnitsE
                0x0000000003804c88       0x58 /Applications/VEXcode V5 Text.app/Contents/Resources/sdk/vexv5/libv5rt.a(vex_triport.cpp.obj)
                0x0000000003804c88                vex::triport::port::_convertAnalog(vex::analogUnits)
 .text._ZN3vex7triport4port14_virtual_valueEl
                0x0000000003804ce0       0x14 /Applications/VEXcode V5 Text.app/Contents/Resources/sdk/vexv5/libv5rt.a(vex_triport.cpp.obj)
                0x0000000003804ce0                vex::triport::port::_virtual_value(long)
 .text._ZN3vex11__trideviceC2ERNS_7triport4portENS_11triportTypeE
                0x0000000003804cf4       0x5c /Applications/VEXcode V5 Text.app/Contents/Resources/sdk/vexv5/libv5rt.a(vex_triport.cpp.obj)
                0x0000000003804cf4                vex::__tridevice::__tridevice(vex::triport::port&, vex::triportType)
                0x0000000003804cf4                vex::__tridevice::__tridevice(vex::triport::port&, vex::triportType)
 .text._ZN3vex11__tridevice14_convertAnalogENS_11analogUnitsE
                0x0000000003804d50        0x8 /Applications/VEXcode V5 Text.app/Contents/Resources/sdk/vexv5/libv5rt.a(vex_triport.cpp.obj)
                0x0000000003804d50                vex::__tridevice::_convertAnalog(vex::analogUnits)
 .text._ZN3vex4gyro13isCalibratingEv
                0x0000000003804d58       0x3c /Applications/VEXcode V5 Text.app/Contents/Resources/sdk/vexv5/libv5rt.a(vex_triport.cpp.obj)
                0x0000000003804d58                vex::gyro::isCalibrating()
 .text._ZN3vex11__tridevice14_virtual_valueEl
                0x0000000003804d94        0x8 /Applications/VEXcode V5 Text.app/Contents/Resources/sdk/vexv5/libv5rt.a(vex_triport.cpp.obj)
                0x0000000003804d94                vex::__tridevice::_virtual_value(long)
 *fill*         0x0000000003804d9c        0x4 
 .text._ZN3vex4gyro5angleENS_13rotationUnitsE
                0x0000000003804da0       0x68 /Applications/VEXcode V5 Text.app/Contents/Resources/sdk/vexv5/libv5rt.a(vex_triport.cpp.obj)
                0x0000000003804da0                vex::gyro::angle(vex::rotationUnits)
 .text._ZN3vex4gyro8rotationENS_13rotationUnitsE
                0x0000000003804e08       0x58 /Applications/VEXcode V5 Text.app/Contents/Resources/sdk/vexv5/libv5rt.a(vex_triport.cpp.obj)
                0x0000000003804e08                vex::gyro::rotation(vex::rotationUnits)
 .text._ZN3vex4gyro11setRotationEdNS_13rotationUnitsE
                0x0000000003804e60       0x60 /Applications/VEXcode V5 Text.app/Contents/Resources/sdk/vexv5/libv5rt.a(vex_triport.cpp.obj)
                0x0000000003804e60                vex::gyro::setRotation(double, vex::rotationUnits)
 .text._ZN3vex5limitC2ERNS_7triport4portE
                0x0000000003804ec0       0x28 /Applications/VEXcode V5 Text.app/Contents/Resources/sdk/vexv5/libv5rt.a(vex_triport.cpp.obj)
                0x0000000003804ec0                vex::limit::limit(vex::triport::port&)
                0x0000000003804ec0                vex::limit::limit(vex::triport::port&)
 .text._ZN3vex5limitD2Ev
                0x0000000003804ee8        0x4 /Applications/VEXcode V5 Text.app/Contents/Resources/sdk/vexv5/libv5rt.a(vex_triport.cpp.obj)
                0x0000000003804ee8                vex::limit::~limit()
                0x0000000003804ee8                vex::limit::~limit()
 .text._ZN3vex5limitcvbEv
                0x0000000003804eec       0x1c /Applications/VEXcode V5 Text.app/Contents/Resources/sdk/vexv5/libv5rt.a(vex_triport.cpp.obj)
                0x0000000003804eec                vex::limit::operator bool()
 .text._ZN3vex6bumperC2ERNS_7triport4portE
                0x0000000003804f08       0x28 /Applications/VEXcode V5 Text.app/Contents/Resources/sdk/vexv5/libv5rt.a(vex_triport.cpp.obj)
                0x0000000003804f08                vex::bumper::bumper(vex::triport::port&)
                0x0000000003804f08                vex::bumper::bumper(vex::triport::port&)
 .text._ZN3vex6bumperD2Ev
                0x0000000003804f30        0x4 /Applications/VEXcode V5 Text.app/Contents/Resources/sdk/vexv5/libv5rt.a(vex_triport.cpp.obj)
                0x0000000003804f30                vex::bumper::~bumper()
                0x0000000003804f30                vex::bumper::~bumper()
 .text._ZN3vex6bumper5valueEv
                0x0000000003804f34        0x8 /Applications/VEXcode V5 Text.app/Contents/Resources/sdk/vexv5/libv5rt.a(vex_triport.cpp.obj)
                0x0000000003804f34                vex::bumper::value()
 .text._ZN3vex6bumper7pressedEPFvvE
                0x0000000003804f3c        0x8 /Applications/VEXcode V5 Text.app/Contents/Resources/sdk/vexv5/libv5rt.a(vex_triport.cpp.obj)
                0x0000000003804f3c                vex::bumper::pressed(void (*)())
 .text._ZN3vex4gyroC2ERNS_7triport4portE
                0x0000000003804f44       0x48 /Applications/VEXcode V5 Text.app/Contents/Resources/sdk/vexv5/libv5rt.a(vex_triport.cpp.obj)
                0x0000000003804f44                vex::gyro::gyro(vex::triport::port&)
                0x0000000003804f44                vex::gyro::gyro(vex::triport::port&)
 *fill*         0x0000000003804f8c        0x4 
 .text._ZN3vex4gyro10resetAngleEdNS_13rotationUnitsE
                0x0000000003804f90       0x60 /Applications/VEXcode V5 Text.app/Contents/Resources/sdk/vexv5/libv5rt.a(vex_triport.cpp.obj)
                0x0000000003804f90                vex::gyro::resetAngle(double, vex::rotationUnits)
 .text._ZN3vex4gyro10setHeadingEdNS_13rotationUnitsE
                0x0000000003804ff0        0x4 /Applications/VEXcode V5 Text.app/Contents/Resources/sdk/vexv5/libv5rt.a(vex_triport.cpp.obj)
                0x0000000003804ff0                vex::gyro::setHeading(double, vex::rotationUnits)
 .text._ZN3vex4gyro13resetRotationEv
                0x0000000003804ff4       0x28 /Applications/VEXcode V5 Text.app/Contents/Resources/sdk/vexv5/libv5rt.a(vex_triport.cpp.obj)
                0x0000000003804ff4                vex::gyro::resetRotation()
 .text._ZN3vex4gyro16startCalibrationEl
                0x000000000380501c       0x20 /Applications/VEXcode V5 Text.app/Contents/Resources/sdk/vexv5/libv5rt.a(vex_triport.cpp.obj)
                0x000000000380501c                vex::gyro::startCalibration(long)
 .text._ZN3vex4gyro9calibrateEl
                0x000000000380503c        0x4 /Applications/VEXcode V5 Text.app/Contents/Resources/sdk/vexv5/libv5rt.a(vex_triport.cpp.obj)
                0x000000000380503c                vex::gyro::calibrate(long)
 .text.startup._GLOBAL__sub_I__ZN3vex7triportC2El
                0x0000000003805040       0x30 /Applications/VEXcode V5 Text.app/Contents/Resources/sdk/vexv5/libv5rt.a(vex_triport.cpp.obj)
 .text._ZN3vex5colorD2Ev
                0x0000000003805070        0x4 /Applications/VEXcode V5 Text.app/Contents/Resources/sdk/vexv5/libv5rt.a(vex_color.cpp.obj)
                0x0000000003805070                vex::color::~color()
                0x0000000003805070                vex::color::~color()
 .text._ZN3vex5colorC2Ev
                0x0000000003805074       0x10 /Applications/VEXcode V5 Text.app/Contents/Resources/sdk/vexv5/libv5rt.a(vex_color.cpp.obj)
                0x0000000003805074                vex::color::color()
                0x0000000003805074                vex::color::color()
 .text._ZN3vex5colorC2Ei
                0x0000000003805084       0x10 /Applications/VEXcode V5 Text.app/Contents/Resources/sdk/vexv5/libv5rt.a(vex_color.cpp.obj)
                0x0000000003805084                vex::color::color(int)
                0x0000000003805084                vex::color::color(int)
 .text._ZNK3vex5color3rgbEv
                0x0000000003805094        0x8 /Applications/VEXcode V5 Text.app/Contents/Resources/sdk/vexv5/libv5rt.a(vex_color.cpp.obj)
                0x0000000003805094                vex::color::rgb() const
 .text._ZNK3vex5colorcvmEv
                0x000000000380509c        0x8 /Applications/VEXcode V5 Text.app/Contents/Resources/sdk/vexv5/libv5rt.a(vex_color.cpp.obj)
                0x000000000380509c                vex::color::operator unsigned long() const
 .text._ZNK3vex5color13isTransparentEv
                0x00000000038050a4        0x8 /Applications/VEXcode V5 Text.app/Contents/Resources/sdk/vexv5/libv5rt.a(vex_color.cpp.obj)
                0x00000000038050a4                vex::color::isTransparent() const
 .text.startup._GLOBAL__sub_I__ZN3vex5color5blackE
                0x00000000038050ac      0x164 /Applications/VEXcode V5 Text.app/Contents/Resources/sdk/vexv5/libv5rt.a(vex_color.cpp.obj)
 .text._ZN3vex5timerD2Ev
                0x0000000003805210        0x4 /Applications/VEXcode V5 Text.app/Contents/Resources/sdk/vexv5/libv5rt.a(vex_timer.cpp.obj)
                0x0000000003805210                vex::timer::~timer()
                0x0000000003805210                vex::timer::~timer()
 .text._ZN3vex5timer5clearEv
                0x0000000003805214       0x1c /Applications/VEXcode V5 Text.app/Contents/Resources/sdk/vexv5/libv5rt.a(vex_timer.cpp.obj)
                0x0000000003805214                vex::timer::clear()
 .text._ZN3vex5timerC2Ev
                0x0000000003805230       0x14 /Applications/VEXcode V5 Text.app/Contents/Resources/sdk/vexv5/libv5rt.a(vex_timer.cpp.obj)
                0x0000000003805230                vex::timer::timer()
                0x0000000003805230                vex::timer::timer()
 .text._ZN3vex5timer5resetEv
                0x0000000003805244        0x4 /Applications/VEXcode V5 Text.app/Contents/Resources/sdk/vexv5/libv5rt.a(vex_timer.cpp.obj)
                0x0000000003805244                vex::timer::reset()
 .text._ZNK3vex5timer4timeEv
                0x0000000003805248       0x1c /Applications/VEXcode V5 Text.app/Contents/Resources/sdk/vexv5/libv5rt.a(vex_timer.cpp.obj)
                0x0000000003805248                vex::timer::time() const
 *fill*         0x0000000003805264        0x4 
 .text._ZNK3vex5timer4timeENS_9timeUnitsE
                0x0000000003805268       0x40 /Applications/VEXcode V5 Text.app/Contents/Resources/sdk/vexv5/libv5rt.a(vex_timer.cpp.obj)
                0x0000000003805268                vex::timer::time(vex::timeUnits) const
 .text.vexAdiPortConfigSet
                0x00000000038052a8       0x28 /Applications/VEXcode V5 Text.app/Contents/Resources/sdk/vexv5/libv5rt.a(v5_apiuser.c.obj)
                0x00000000038052a8                vexAdiPortConfigSet
 .text.vexAdiPortConfigGet
                0x00000000038052d0       0x28 /Applications/VEXcode V5 Text.app/Contents/Resources/sdk/vexv5/libv5rt.a(v5_apiuser.c.obj)
                0x00000000038052d0                vexAdiPortConfigGet
 .text.vexAdiValueSet
                0x00000000038052f8       0x28 /Applications/VEXcode V5 Text.app/Contents/Resources/sdk/vexv5/libv5rt.a(v5_apiuser.c.obj)
                0x00000000038052f8                vexAdiValueSet
 .text.vexAdiValueGet
                0x0000000003805320       0x20 /Applications/VEXcode V5 Text.app/Contents/Resources/sdk/vexv5/libv5rt.a(v5_apiuser.c.obj)
                0x0000000003805320                vexAdiValueGet
 .text.vexMotorVelocitySet
                0x0000000003805340       0x20 /Applications/VEXcode V5 Text.app/Contents/Resources/sdk/vexv5/libv5rt.a(v5_apiuser.c.obj)
                0x0000000003805340                vexMotorVelocitySet
 .text.vexMotorVoltageSet
                0x0000000003805360       0x20 /Applications/VEXcode V5 Text.app/Contents/Resources/sdk/vexv5/libv5rt.a(v5_apiuser.c.obj)
                0x0000000003805360                vexMotorVoltageSet
 .text.vexMotorActualVelocityGet
                0x0000000003805380       0x24 /Applications/VEXcode V5 Text.app/Contents/Resources/sdk/vexv5/libv5rt.a(v5_apiuser.c.obj)
                0x0000000003805380                vexMotorActualVelocityGet
 .text.vexMotorReverseFlagSet
                0x00000000038053a4       0x20 /Applications/VEXcode V5 Text.app/Contents/Resources/sdk/vexv5/libv5rt.a(v5_apiuser.c.obj)
                0x00000000038053a4                vexMotorReverseFlagSet
 .text.vexMotorEncoderUnitsSet
                0x00000000038053c4       0x20 /Applications/VEXcode V5 Text.app/Contents/Resources/sdk/vexv5/libv5rt.a(v5_apiuser.c.obj)
                0x00000000038053c4                vexMotorEncoderUnitsSet
 .text.vexMotorBrakeModeSet
                0x00000000038053e4       0x20 /Applications/VEXcode V5 Text.app/Contents/Resources/sdk/vexv5/libv5rt.a(v5_apiuser.c.obj)
                0x00000000038053e4                vexMotorBrakeModeSet
 .text.vexMotorPositionSet
                0x0000000003805404       0x28 /Applications/VEXcode V5 Text.app/Contents/Resources/sdk/vexv5/libv5rt.a(v5_apiuser.c.obj)
                0x0000000003805404                vexMotorPositionSet
 .text.vexMotorPositionGet
                0x000000000380542c       0x24 /Applications/VEXcode V5 Text.app/Contents/Resources/sdk/vexv5/libv5rt.a(v5_apiuser.c.obj)
                0x000000000380542c                vexMotorPositionGet
 .text.vexMotorGearingSet
                0x0000000003805450       0x20 /Applications/VEXcode V5 Text.app/Contents/Resources/sdk/vexv5/libv5rt.a(v5_apiuser.c.obj)
                0x0000000003805450                vexMotorGearingSet
 .text.vexMotorGearingGet
                0x0000000003805470       0x18 /Applications/VEXcode V5 Text.app/Contents/Resources/sdk/vexv5/libv5rt.a(v5_apiuser.c.obj)
                0x0000000003805470                vexMotorGearingGet
 .text.vexEventMaskSet
                0x0000000003805488       0x28 /Applications/VEXcode V5 Text.app/Contents/Resources/sdk/vexv5/libv5rt.a(v5_apiuser.c.obj)
                0x0000000003805488                vexEventMaskSet
 .text.vexEventMaskGet
                0x00000000038054b0       0x18 /Applications/VEXcode V5 Text.app/Contents/Resources/sdk/vexv5/libv5rt.a(v5_apiuser.c.obj)
                0x00000000038054b0                vexEventMaskGet
 .text._ZN3vex6deviceD2Ev
                0x00000000038054c8        0x4 /Applications/VEXcode V5 Text.app/Contents/Resources/sdk/vexv5/libv5rt.a(vex_device.cpp.obj)
                0x00000000038054c8                vex::device::~device()
                0x00000000038054c8                vex::device::~device()
 .text._ZN3vex6device5valueEv
                0x00000000038054cc        0x8 /Applications/VEXcode V5 Text.app/Contents/Resources/sdk/vexv5/libv5rt.a(vex_device.cpp.obj)
                0x00000000038054cc                vex::device::value()
 .text._ZN3vex6deviceD0Ev
                0x00000000038054d4       0x14 /Applications/VEXcode V5 Text.app/Contents/Resources/sdk/vexv5/libv5rt.a(vex_device.cpp.obj)
                0x00000000038054d4                vex::device::~device()
 .text._ZN3vex6device4initEl
                0x00000000038054e8       0x30 /Applications/VEXcode V5 Text.app/Contents/Resources/sdk/vexv5/libv5rt.a(vex_device.cpp.obj)
                0x00000000038054e8                vex::device::init(long)
 .text._ZN3vex6deviceC2El
                0x0000000003805518       0x20 /Applications/VEXcode V5 Text.app/Contents/Resources/sdk/vexv5/libv5rt.a(vex_device.cpp.obj)
                0x0000000003805518                vex::device::device(long)
                0x0000000003805518                vex::device::device(long)
 .text._ZN3vex6device4typeEv
                0x0000000003805538       0x10 /Applications/VEXcode V5 Text.app/Contents/Resources/sdk/vexv5/libv5rt.a(vex_device.cpp.obj)
                0x0000000003805538                vex::device::type()
 .text._ZN3vex6device9installedEv
                0x0000000003805548       0x14 /Applications/VEXcode V5 Text.app/Contents/Resources/sdk/vexv5/libv5rt.a(vex_device.cpp.obj)
                0x0000000003805548                vex::device::installed()
 .text._ZN3vex4taskC2EPFivE
                0x000000000380555c       0x5c /Applications/VEXcode V5 Text.app/Contents/Resources/sdk/vexv5/libv5rt.a(vex_task.cpp.obj)
                0x000000000380555c                vex::task::task(int (*)())
                0x000000000380555c                vex::task::task(int (*)())
 .text._ZN3vex4taskD2Ev
                0x00000000038055b8        0x4 /Applications/VEXcode V5 Text.app/Contents/Resources/sdk/vexv5/libv5rt.a(vex_task.cpp.obj)
                0x00000000038055b8                vex::task::~task()
                0x00000000038055b8                vex::task::~task()
 .text._ZN3vex4task4stopERKS0_
                0x00000000038055bc       0x18 /Applications/VEXcode V5 Text.app/Contents/Resources/sdk/vexv5/libv5rt.a(vex_task.cpp.obj)
                0x00000000038055bc                vex::task::stop(vex::task const&)
 .text._ZN3vex4task6_indexEPFivE
                0x00000000038055d4       0x14 /Applications/VEXcode V5 Text.app/Contents/Resources/sdk/vexv5/libv5rt.a(vex_task.cpp.obj)
                0x00000000038055d4                vex::task::_index(int (*)())
 .text._ZN3vex4task8_stopAllEv
                0x00000000038055e8       0x3c /Applications/VEXcode V5 Text.app/Contents/Resources/sdk/vexv5/libv5rt.a(vex_task.cpp.obj)
                0x00000000038055e8                vex::task::_stopAll()
 .text.__libc_fini_array
                0x0000000003805624       0x30 /Applications/VEXcode V5 Text.app/Contents/Resources/sdk/vexv5/gcc/libs/libc.a(lib_a-fini.o)
                0x0000000003805624                __libc_fini_array
 .text.__libc_init_array
                0x0000000003805654       0x58 /Applications/VEXcode V5 Text.app/Contents/Resources/sdk/vexv5/gcc/libs/libc.a(lib_a-init.o)
                0x0000000003805654                __libc_init_array
 *fill*         0x00000000038056ac        0x4 
 .text.__libc_init_array.__stub
                0x00000000038056b0       0x18 linker stubs
 *(.gnu.linkonce.t.*)
 *(.plt)
 *(.gnu_warning)
 *(.gcc_except_table)
 *(.glue_7)
 .glue_7        0x00000000038056c8        0x0 linker stubs
 *(.glue_7t)
 .glue_7t       0x00000000038056c8        0x0 linker stubs
 *(.vfp11_veneer)
 .vfp11_veneer  0x00000000038056c8        0x0 linker stubs
 *(.ARM.extab)
 *(.gnu.linkonce.armextab.*)

.v4_bx          0x00000000038056c8        0x0
 .v4_bx         0x00000000038056c8        0x0 linker stubs

.iplt           0x00000000038056c8        0x0
 .iplt          0x00000000038056c8        0x0 build/src/_main.o

.init
 *(.init)

.fini
 *(.fini)

.rodata         0x00000000038056c8      0x210
                0x00000000038056c8                __rodata_start = .
 *(.rodata)
 *(.rodata.*)
 .rodata.str1.1
                0x00000000038056c8        0xc build/src/_main.o
 .rodata.str1.1
                0x00000000038056d4       0x19 build/src/pre_auto.o
 .rodata.str1.1
                0x00000000038056ed        0x8 build/src/Globals/basic_motors.o
 .rodata.str1.1
                0x00000000038056f5       0x12 build/src/auto/AutoDriver.o
 .rodata.str1.1
                0x0000000003805707       0x1b build/src/auto/Auto_red_1.o
 .rodata.str1.1
                0x0000000003805722        0x3 build/src/screen/VirtualButton.o
 .rodata.str1.1
                0x0000000003805725       0x44 build/src/screen/screen_display_choose.o
                                         0x45 (size before relaxing)
 .rodata.str1.1
                0x0000000003805769       0x2e /Applications/VEXcode V5 Text.app/Contents/Resources/sdk/vexv5/libv5rt.a(v5_startup.c.obj)
 *fill*         0x0000000003805797        0x1 
 .rodata._ZN3vex3fwdE
                0x0000000003805798        0x4 /Applications/VEXcode V5 Text.app/Contents/Resources/sdk/vexv5/libv5rt.a(vex_global.cpp.obj)
                0x0000000003805798                vex::fwd
 .rodata._ZN3vex5PORT3E
                0x000000000380579c        0x4 /Applications/VEXcode V5 Text.app/Contents/Resources/sdk/vexv5/libv5rt.a(vex_global.cpp.obj)
                0x000000000380579c                vex::PORT3
 .rodata._ZN3vex5PORT1E
                0x00000000038057a0        0x4 /Applications/VEXcode V5 Text.app/Contents/Resources/sdk/vexv5/libv5rt.a(vex_global.cpp.obj)
                0x00000000038057a0                vex::PORT1
 .rodata._ZN3vex6PORT10E
                0x00000000038057a4        0x4 /Applications/VEXcode V5 Text.app/Contents/Resources/sdk/vexv5/libv5rt.a(vex_global.cpp.obj)
                0x00000000038057a4                vex::PORT10
 .rodata._ZN3vex6PORT14E
                0x00000000038057a8        0x4 /Applications/VEXcode V5 Text.app/Contents/Resources/sdk/vexv5/libv5rt.a(vex_global.cpp.obj)
                0x00000000038057a8                vex::PORT14
 .rodata._ZN3vex3secE
                0x00000000038057ac        0x4 /Applications/VEXcode V5 Text.app/Contents/Resources/sdk/vexv5/libv5rt.a(vex_global.cpp.obj)
                0x00000000038057ac                vex::sec
 .rodata._ZN3vex4msecE
                0x00000000038057b0        0x4 /Applications/VEXcode V5 Text.app/Contents/Resources/sdk/vexv5/libv5rt.a(vex_global.cpp.obj)
                0x00000000038057b0                vex::msec
 .rodata._ZN3vex6PORT18E
                0x00000000038057b4        0x4 /Applications/VEXcode V5 Text.app/Contents/Resources/sdk/vexv5/libv5rt.a(vex_global.cpp.obj)
                0x00000000038057b4                vex::PORT18
 .rodata._ZN3vex9ratio36_1E
                0x00000000038057b8        0x4 /Applications/VEXcode V5 Text.app/Contents/Resources/sdk/vexv5/libv5rt.a(vex_global.cpp.obj)
                0x00000000038057b8                vex::ratio36_1
 .rodata._ZN3vex5PORT9E
                0x00000000038057bc        0x4 /Applications/VEXcode V5 Text.app/Contents/Resources/sdk/vexv5/libv5rt.a(vex_global.cpp.obj)
                0x00000000038057bc                vex::PORT9
 .rodata._ZN3vex5PORT2E
                0x00000000038057c0        0x4 /Applications/VEXcode V5 Text.app/Contents/Resources/sdk/vexv5/libv5rt.a(vex_global.cpp.obj)
                0x00000000038057c0                vex::PORT2
 .rodata._ZN3vex6PORT11E
                0x00000000038057c4        0x4 /Applications/VEXcode V5 Text.app/Contents/Resources/sdk/vexv5/libv5rt.a(vex_global.cpp.obj)
                0x00000000038057c4                vex::PORT11
 .rodata._ZN3vex6PORT22E
                0x00000000038057c8        0x4 /Applications/VEXcode V5 Text.app/Contents/Resources/sdk/vexv5/libv5rt.a(vex_global.cpp.obj)
                0x00000000038057c8                vex::PORT22
 .rodata._ZN3vex9ratio18_1E
                0x00000000038057cc        0x4 /Applications/VEXcode V5 Text.app/Contents/Resources/sdk/vexv5/libv5rt.a(vex_global.cpp.obj)
                0x00000000038057cc                vex::ratio18_1
 .rodata._ZTVN3vex5motorE
                0x00000000038057d0       0x18 /Applications/VEXcode V5 Text.app/Contents/Resources/sdk/vexv5/libv5rt.a(vex_motor.cpp.obj)
                0x00000000038057d0                vtable for vex::motor
 .rodata.CSWTCH.15
                0x00000000038057e8        0xb /Applications/VEXcode V5 Text.app/Contents/Resources/sdk/vexv5/libv5rt.a(vex_controller.cpp.obj)
 .rodata.CSWTCH.17
                0x00000000038057f3        0xb /Applications/VEXcode V5 Text.app/Contents/Resources/sdk/vexv5/libv5rt.a(vex_controller.cpp.obj)
 .rodata.CSWTCH.23
                0x00000000038057fe        0x3 /Applications/VEXcode V5 Text.app/Contents/Resources/sdk/vexv5/libv5rt.a(vex_controller.cpp.obj)
 .rodata.str1.1
                0x0000000003805801       0x14 /Applications/VEXcode V5 Text.app/Contents/Resources/sdk/vexv5/libv5rt.a(vex_thread.cpp.obj)
 .rodata.str1.1
                0x0000000003805815       0x2b /Applications/VEXcode V5 Text.app/Contents/Resources/sdk/vexv5/libv5rt.a(vex_brain.cpp.obj)
 .rodata.CSWTCH.36
                0x0000000003805840       0x10 /Applications/VEXcode V5 Text.app/Contents/Resources/sdk/vexv5/libv5rt.a(vex_triport.cpp.obj)
 .rodata._ZTVN3vex7triportE
                0x0000000003805850       0x18 /Applications/VEXcode V5 Text.app/Contents/Resources/sdk/vexv5/libv5rt.a(vex_triport.cpp.obj)
                0x0000000003805850                vtable for vex::triport
 .rodata._ZTVN3vex4gyroE
                0x0000000003805868       0x2c /Applications/VEXcode V5 Text.app/Contents/Resources/sdk/vexv5/libv5rt.a(vex_triport.cpp.obj)
                0x0000000003805868                vtable for vex::gyro
 .rodata.CSWTCH.31
                0x0000000003805894        0xe /Applications/VEXcode V5 Text.app/Contents/Resources/sdk/vexv5/libv5rt.a(vex_triport.cpp.obj)
 *fill*         0x00000000038058a2        0x6 
 .rodata._ZTVN3vex6deviceE
                0x00000000038058a8       0x18 /Applications/VEXcode V5 Text.app/Contents/Resources/sdk/vexv5/libv5rt.a(vex_device.cpp.obj)
                0x00000000038058a8                vtable for vex::device
 .rodata.str1.1
                0x00000000038058c0       0x14 /Applications/VEXcode V5 Text.app/Contents/Resources/sdk/vexv5/libv5rt.a(vex_task.cpp.obj)
 .rodata.str1.4
                0x00000000038058d4        0x4 /Applications/VEXcode V5 Text.app/Contents/Resources/sdk/vexv5/gcc/libs/libc.a(lib_a-impure.o)
                                          0x2 (size before relaxing)
 *(.gnu.linkonce.r.*)
                0x00000000038058d8                __rodata_end = .

.rodata1        0x00000000038058d8        0x0
                0x00000000038058d8                __rodata1_start = .
 *(.rodata1)
 *(.rodata1.*)
                0x00000000038058d8                __rodata1_end = .

.sdata2         0x00000000038058d8        0x0
                0x00000000038058d8                __sdata2_start = .
 *(.sdata2)
 *(.sdata2.*)
 *(.gnu.linkonce.s2.*)
                0x00000000038058d8                __sdata2_end = .

.sbss2          0x00000000038058d8        0x0
                0x00000000038058d8                __sbss2_start = .
 *(.sbss2)
 *(.sbss2.*)
 *(.gnu.linkonce.sb2.*)
                0x00000000038058d8                __sbss2_end = .

.data           0x00000000038058d8      0x43c
                0x00000000038058d8                __data_start = .
 *(.data)
 *(.data.*)
 .data.flag_push_auto_reset
                0x00000000038058d8        0x1 build/src/usercontrol.o
                0x00000000038058d8                flag_push_auto_reset
 *fill*         0x00000000038058d9        0x3 
 .data.appRunning
                0x00000000038058dc        0x4 /Applications/VEXcode V5 Text.app/Contents/Resources/sdk/vexv5/libv5rt.a(v5_startup.c.obj)
                0x00000000038058dc                appRunning
 .data.__yoff   0x00000000038058e0        0x4 /Applications/VEXcode V5 Text.app/Contents/Resources/sdk/vexv5/libv5rt.a(v5_apijump.c.obj)
 .data._ZN3vex24__default_motor_velocityE
                0x00000000038058e4        0x4 /Applications/VEXcode V5 Text.app/Contents/Resources/sdk/vexv5/libv5rt.a(vex_motor.cpp.obj)
                0x00000000038058e4                vex::__default_motor_velocity
 .data.impure_data
                0x00000000038058e8      0x428 /Applications/VEXcode V5 Text.app/Contents/Resources/sdk/vexv5/gcc/libs/libc.a(lib_a-impure.o)
 .data._impure_ptr
                0x0000000003805d10        0x4 /Applications/VEXcode V5 Text.app/Contents/Resources/sdk/vexv5/gcc/libs/libc.a(lib_a-impure.o)
                0x0000000003805d10                _impure_ptr
 *(.gnu.linkonce.d.*)
 *(.jcr)
 *(.got)
 *(.got.plt)
                0x0000000003805d14                __data_end = .

.igot.plt       0x0000000003805d14        0x0
 .igot.plt      0x0000000003805d14        0x0 build/src/_main.o

.data1          0x0000000003805d14        0x0
                0x0000000003805d14                __data1_start = .
 *(.data1)
 *(.data1.*)
                0x0000000003805d14                __data1_end = .

.got
 *(.got)

.ctors          0x0000000003805d14        0x0
                0x0000000003805d14                __CTOR_LIST__ = .
                0x0000000003805d14                ___CTORS_LIST___ = .
 *crtbegin.o(.ctors)
 *(EXCLUDE_FILE(*crtend.o) .ctors)
 *(SORT_BY_NAME(.ctors.*))
 *(.ctors)
                0x0000000003805d14                __CTOR_END__ = .
                0x0000000003805d14                ___CTORS_END___ = .

.dtors          0x0000000003805d14        0x0
                0x0000000003805d14                __DTOR_LIST__ = .
                0x0000000003805d14                ___DTORS_LIST___ = .
 *crtbegin.o(.dtors)
 *(EXCLUDE_FILE(*crtend.o) .dtors)
 *(SORT_BY_NAME(.dtors.*))
 *(.dtors)
                0x0000000003805d14                __DTOR_END__ = .
                0x0000000003805d14                ___DTORS_END___ = .

.fixup          0x0000000003805d14        0x0
                0x0000000003805d14                __fixup_start = .
 *(.fixup)
                0x0000000003805d14                __fixup_end = .

.eh_frame
 *(.eh_frame)

.eh_framehdr    0x0000000003805d14        0x0
                0x0000000003805d14                __eh_framehdr_start = .
 *(.eh_framehdr)
                0x0000000003805d14                __eh_framehdr_end = .

.gcc_except_table
 *(.gcc_except_table)

.mmu_tbl        0x0000000003808000        0x0
                0x0000000003808000                __mmu_tbl_start = .
 *(.mmu_tbl)
                0x0000000003808000                __mmu_tbl_end = .

.ARM.exidx      0x0000000003805d14        0x8
                0x0000000003805d14                __exidx_start = .
 *(.ARM.exidx*)
 .ARM.exidx.text._Z4funcv
                0x0000000003805d14        0x8 build/src/_main.o
 .ARM.exidx.text.main
                0x0000000003805d1c        0x0 build/src/_main.o
                                          0x8 (size before relaxing)
 .ARM.exidx.text._GLOBAL__sub_I__main.cpp
                0x0000000003805d1c        0x0 build/src/_main.o
                                          0x8 (size before relaxing)
 .ARM.exidx.text._Z4waiti
                0x0000000003805d1c        0x0 build/src/_math_func.o
                                          0x8 (size before relaxing)
 .ARM.exidx.text._Z9max_limitRij
                0x0000000003805d1c        0x0 build/src/_math_func.o
                                          0x8 (size before relaxing)
 .ARM.exidx.text._Z10zero_blindRij
                0x0000000003805d1c        0x0 build/src/_math_func.o
                                          0x8 (size before relaxing)
 .ARM.exidx.text._GLOBAL__sub_I__math_func.cpp
                0x0000000003805d1c        0x0 build/src/_math_func.o
                                          0x8 (size before relaxing)
 .ARM.exidx.text._Z9pre_autonv
                0x0000000003805d1c        0x0 build/src/pre_auto.o
                                          0x8 (size before relaxing)
 .ARM.exidx.text._GLOBAL__sub_I_pre_auto.cpp
                0x0000000003805d1c        0x0 build/src/pre_auto.o
                                          0x8 (size before relaxing)
 .ARM.exidx.text._Z18special_key_handlev
                0x0000000003805d1c        0x0 build/src/special_handle.o
                                          0x8 (size before relaxing)
 .ARM.exidx.text._GLOBAL__sub_I_special_handle.cpp
                0x0000000003805d1c        0x0 build/src/special_handle.o
                                          0x8 (size before relaxing)
 .ARM.exidx.text._Z27push_usercontrol_auto_resetv
                0x0000000003805d1c        0x0 build/src/usercontrol.o
                                          0x8 (size before relaxing)
 .ARM.exidx.text._Z11usercontrolv
                0x0000000003805d1c        0x0 build/src/usercontrol.o
                                          0x8 (size before relaxing)
 .ARM.exidx.text._GLOBAL__sub_I_usercontrol.cpp
                0x0000000003805d1c        0x0 build/src/usercontrol.o
                                          0x8 (size before relaxing)
 .ARM.exidx.text._GLOBAL__sub_I_GyroLib.cpp
                0x0000000003805d1c        0x0 build/src/Globals/GyroLib.o
                                          0x8 (size before relaxing)
 .ARM.exidx.text._Z18reset_all_encodersv
                0x0000000003805d1c        0x0 build/src/Globals/basic_motors.o
                                          0x8 (size before relaxing)
 .ARM.exidx.text._Z15all_motor_brakev
                0x0000000003805d1c        0x0 build/src/Globals/basic_motors.o
                                          0x8 (size before relaxing)
 .ARM.exidx.text._Z16all_motors_floatv
                0x0000000003805d1c        0x0 build/src/Globals/basic_motors.o
                                          0x8 (size before relaxing)
 .ARM.exidx.text._Z15stop_all_motorsv
                0x0000000003805d1c        0x0 build/src/Globals/basic_motors.o
                                          0x8 (size before relaxing)
 .ARM.exidx.text._GLOBAL__sub_I_basic_motors.cpp
                0x0000000003805d1c        0x0 build/src/Globals/basic_motors.o
                                          0x8 (size before relaxing)
 .ARM.exidx.text._GLOBAL__sub_I_global_vairbls.cpp
                0x0000000003805d1c        0x0 build/src/Globals/global_vairbls.o
                                          0x8 (size before relaxing)
 .ARM.exidx.text._GLOBAL__sub_I_IO_setup_0.cpp
                0x0000000003805d1c        0x0 build/src/IO_setups/IO_setup_0.o
                                          0x8 (size before relaxing)
 .ARM.exidx.text._GLOBAL__sub_I_IO_setup_74000F.cpp
                0x0000000003805d1c        0x0 build/src/IO_setups/IO_setup_74000F.o
                                          0x8 (size before relaxing)
 .ARM.exidx.text._GLOBAL__sub_I_IO_setup_74000M.cpp
                0x0000000003805d1c        0x0 build/src/IO_setups/IO_setup_74000M.o
                                          0x8 (size before relaxing)
 .ARM.exidx.text._GLOBAL__sub_I_IO_setup_74000P.cpp
                0x0000000003805d1c        0x0 build/src/IO_setups/IO_setup_74000P.o
                                          0x8 (size before relaxing)
 .ARM.exidx.text._GLOBAL__sub_I_IO_setup_74000V.cpp
                0x0000000003805d1c        0x0 build/src/IO_setups/IO_setup_74000V.o
                                          0x8 (size before relaxing)
 .ARM.exidx.text._GLOBAL__sub_I_IO_setup_77921F.cpp
                0x0000000003805d1c        0x0 build/src/IO_setups/IO_setup_77921F.o
                                          0x8 (size before relaxing)
 .ARM.exidx.text._GLOBAL__sub_I_MotorRecorder.cpp
                0x0000000003805d1c        0x0 build/src/MovementRecorder/MotorRecorder.o
                                          0x8 (size before relaxing)
 .ARM.exidx.text._Z14bindAutonomousPFvvE
                0x0000000003805d1c        0x0 build/src/auto/AutoDriver.o
                                          0x8 (size before relaxing)
 .ARM.exidx.text._Z11moniterFuncv
                0x0000000003805d1c        0x0 build/src/auto/AutoDriver.o
                                          0x8 (size before relaxing)
 .ARM.exidx.text._Z10autonomousv
                0x0000000003805d1c        0x0 build/src/auto/AutoDriver.o
                                          0x8 (size before relaxing)
 .ARM.exidx.text._GLOBAL__sub_I_AutoDriver.cpp
                0x0000000003805d1c        0x0 build/src/auto/AutoDriver.o
                                          0x8 (size before relaxing)
 .ARM.exidx.text._Z16auto_role_one_1_v
                0x0000000003805d1c        0x0 build/src/auto/Auto_red_1.o
                                          0x8 (size before relaxing)
 .ARM.exidx.text._GLOBAL__sub_I_Auto_red_1.cpp
                0x0000000003805d1c        0x0 build/src/auto/Auto_red_1.o
                                          0x8 (size before relaxing)
 .ARM.exidx.text._Z13moveByEncoderiii
                0x0000000003805d1c        0x0 build/src/auto/BasicAuto.o
                                          0x8 (size before relaxing)
 .ARM.exidx.text._Z13pushToHighestv
                0x0000000003805d1c        0x0 build/src/auto/BasicAuto.o
                                          0x8 (size before relaxing)
 .ARM.exidx.text._GLOBAL__sub_I_BasicAuto.cpp
                0x0000000003805d1c        0x0 build/src/auto/BasicAuto.o
                                          0x8 (size before relaxing)
 .ARM.exidx.text._Z18intake_set_voltagei
                0x0000000003805d1c        0x0 build/src/intake/basic_intake.o
                                          0x8 (size before relaxing)
 .ARM.exidx.text._GLOBAL__sub_I_basic_intake.cpp
                0x0000000003805d1c        0x0 build/src/intake/basic_intake.o
                                          0x8 (size before relaxing)
 .ARM.exidx.text._Z13handle_intakeiii
                0x0000000003805d1c        0x0 build/src/intake/handle_intake.o
                                          0x8 (size before relaxing)
 .ARM.exidx.text._GLOBAL__sub_I_handle_intake.cpp
                0x0000000003805d1c        0x0 build/src/intake/handle_intake.o
                                          0x8 (size before relaxing)
 .ARM.exidx.text._GLOBAL__sub_I_LimitUnlocker.cpp
                0x0000000003805d1c        0x0 build/src/move/LimitUnlocker.o
                                          0x8 (size before relaxing)
 .ARM.exidx.text._Z35joystick_stable_small_value_processii
                0x0000000003805d1c        0x0 build/src/move/handle_move.o
                                          0x8 (size before relaxing)
 .ARM.exidx.text.__cxx_global_array_dtor
                0x0000000003805d1c        0x0 build/src/move/handle_move.o
                                          0x8 (size before relaxing)
 .ARM.exidx.text._Z9move_ctrlii
                0x0000000003805d1c        0x0 build/src/move/handle_move.o
                                          0x8 (size before relaxing)
 .ARM.exidx.text._Z11handle_moveiii
                0x0000000003805d1c        0x0 build/src/move/handle_move.o
                                          0x8 (size before relaxing)
 .ARM.exidx.text._GLOBAL__sub_I_handle_move.cpp
                0x0000000003805d1c        0x0 build/src/move/handle_move.o
                                          0x8 (size before relaxing)
 .ARM.exidx.text._Z12get_move_enci
                0x0000000003805d1c        0x0 build/src/move/lib_move.o
                                          0x8 (size before relaxing)
 .ARM.exidx.text._Z17move_LR_set_speedff
                0x0000000003805d1c        0x0 build/src/move/lib_move.o
                                          0x8 (size before relaxing)
 .ARM.exidx.text._Z19move_LR_set_voltageff
                0x0000000003805d1c        0x0 build/src/move/lib_move.o
                                          0x8 (size before relaxing)
 .ARM.exidx.text._Z16move_set_voltageii
                0x0000000003805d1c        0x0 build/src/move/lib_move.o
                                          0x8 (size before relaxing)
 .ARM.exidx.text._Z14move_set_speedii
                0x0000000003805d1c        0x0 build/src/move/lib_move.o
                                          0x8 (size before relaxing)
 .ARM.exidx.text._Z4moveii
                0x0000000003805d1c        0x0 build/src/move/lib_move.o
                                          0x8 (size before relaxing)
 .ARM.exidx.text._GLOBAL__sub_I_lib_move.cpp
                0x0000000003805d1c        0x0 build/src/move/lib_move.o
                                          0x8 (size before relaxing)
 .ARM.exidx.text._GLOBAL__sub_I_auto_push.cpp
                0x0000000003805d1c        0x0 build/src/push/auto_push.o
                                          0x8 (size before relaxing)
 .ARM.exidx.text._Z12get_push_encv
                0x0000000003805d1c        0x0 build/src/push/basic_push.o
                                          0x8 (size before relaxing)
 .ARM.exidx.text._Z14push_set_speedi
                0x0000000003805d1c        0x0 build/src/push/basic_push.o
                                          0x8 (size before relaxing)
 .ARM.exidx.text._Z16push_set_voltagei
                0x0000000003805d1c        0x0 build/src/push/basic_push.o
                                          0x8 (size before relaxing)
 .ARM.exidx.text._GLOBAL__sub_I_basic_push.cpp
                0x0000000003805d1c        0x0 build/src/push/basic_push.o
                                          0x8 (size before relaxing)
 .ARM.exidx.text._Z11handle_pushiii
                0x0000000003805d1c        0x0 build/src/push/handle_push.o
                                          0x8 (size before relaxing)
 .ARM.exidx.text._GLOBAL__sub_I_handle_push.cpp
                0x0000000003805d1c        0x0 build/src/push/handle_push.o
                                          0x8 (size before relaxing)
 .ARM.exidx.text._ZN13VirtualButtonC2EiiiiN3vex5colorES1_Ss
                0x0000000003805d1c        0x0 build/src/screen/VirtualButton.o
                                          0x8 (size before relaxing)
 .ARM.exidx.text._ZN13VirtualButton6darkerEd
                0x0000000003805d1c        0x0 build/src/screen/VirtualButton.o
                                          0x8 (size before relaxing)
 .ARM.exidx.text._ZN13VirtualButton8brighterEv
                0x0000000003805d1c        0x0 build/src/screen/VirtualButton.o
                                          0x8 (size before relaxing)
 .ARM.exidx.text._GLOBAL__sub_I_VirtualButton.cpp
                0x0000000003805d1c        0x0 build/src/screen/VirtualButton.o
                                          0x8 (size before relaxing)
 .ARM.exidx.text._Z17autonomousChooserv
                0x0000000003805d1c        0x0 build/src/screen/autonomous.o
                                          0x8 (size before relaxing)
 .ARM.exidx.text._GLOBAL__sub_I_autonomous.cpp
                0x0000000003805d1c        0x0 build/src/screen/autonomous.o
                                          0x8 (size before relaxing)
 .ARM.exidx.text._ZN13VirtualButtonC2Ev
                0x0000000003805d1c        0x0 build/src/screen/screen_display_choose.o
                                          0x8 (size before relaxing)
 .ARM.exidx.text._ZN13VirtualButtonD2Ev
                0x0000000003805d1c        0x0 build/src/screen/screen_display_choose.o
                                          0x8 (size before relaxing)
 .ARM.exidx.text._Z17highlighting_initv
                0x0000000003805d1c        0x0 build/src/screen/screen_display_choose.o
                                          0x8 (size before relaxing)
 .ARM.exidx.text._Z24update_auto_info_displayv
                0x0000000003805d1c        0x0 build/src/screen/screen_display_choose.o
                                          0x8 (size before relaxing)
 .ARM.exidx.text._Z12buttons_initv
                0x0000000003805d1c        0x0 build/src/screen/screen_display_choose.o
                                          0x8 (size before relaxing)
 .ARM.exidx.text._GLOBAL__sub_I_screen_display_choose.cpp
                0x0000000003805d1c        0x0 build/src/screen/screen_display_choose.o
                                          0x8 (size before relaxing)
 .ARM.exidx.text._GLOBAL__sub_I_sensors_display.cpp
                0x0000000003805d1c        0x0 build/src/screen/sensors_display.o
                                          0x8 (size before relaxing)
 .ARM.exidx.text._Z13get_swing_encv
                0x0000000003805d1c        0x0 build/src/swing/basic_swing.o
                                          0x8 (size before relaxing)
 .ARM.exidx.text._Z17swing_set_voltagei
                0x0000000003805d1c        0x0 build/src/swing/basic_swing.o
                                          0x8 (size before relaxing)
 .ARM.exidx.text._GLOBAL__sub_I_basic_swing.cpp
                0x0000000003805d1c        0x0 build/src/swing/basic_swing.o
                                          0x8 (size before relaxing)
 .ARM.exidx.text._Z12handle_swingii
                0x0000000003805d1c        0x0 build/src/swing/handle_swing.o
                                          0x8 (size before relaxing)
 .ARM.exidx.text._GLOBAL__sub_I_handle_swing.cpp
                0x0000000003805d1c        0x0 build/src/swing/handle_swing.o
                                          0x8 (size before relaxing)
 *(.gnu.linkonce.armexidix.*.*)
                0x0000000003805d1c                __exidx_end = .

.rel.dyn        0x0000000003805d1c        0x0
 .rel.iplt      0x0000000003805d1c        0x0 build/src/_main.o

.preinit_array  0x0000000003805d1c        0x0
                0x0000000003805d1c                __preinit_array_start = .
 *(SORT_BY_NAME(.preinit_array.*))
 *(.preinit_array)
                0x0000000003805d1c                __preinit_array_end = .

.init_array     0x0000000003805d1c       0x88
                0x0000000003805d1c                __init_array_start = .
 *(SORT_BY_NAME(.init_array.*))
 *(.init_array)
 .init_array    0x0000000003805d1c        0x4 build/src/_main.o
 .init_array    0x0000000003805d20        0x4 build/src/_math_func.o
 .init_array    0x0000000003805d24        0x4 build/src/pre_auto.o